Archive member included to satisfy reference by file (symbol)

/opt/ST/STM32CubeCLT_1.16.0/GNU-tools-for-STM32/bin/../lib/gcc/arm-none-eabi/12.3.1/../../../../arm-none-eabi/lib/thumb/v7e-m/nofp/libc_nano.a(libc_a-exit.o)
                              /opt/ST/STM32CubeCLT_1.16.0/GNU-tools-for-STM32/bin/../lib/gcc/arm-none-eabi/12.3.1/../../../../arm-none-eabi/lib/thumb/v7e-m/nofp/crt0.o (exit)
/opt/ST/STM32CubeCLT_1.16.0/GNU-tools-for-STM32/bin/../lib/gcc/arm-none-eabi/12.3.1/../../../../arm-none-eabi/lib/thumb/v7e-m/nofp/libc_nano.a(libc_a-findfp.o)
                              /opt/ST/STM32CubeCLT_1.16.0/GNU-tools-for-STM32/bin/../lib/gcc/arm-none-eabi/12.3.1/../../../../arm-none-eabi/lib/thumb/v7e-m/nofp/libc_nano.a(libc_a-exit.o) (__stdio_exit_handler)
/opt/ST/STM32CubeCLT_1.16.0/GNU-tools-for-STM32/bin/../lib/gcc/arm-none-eabi/12.3.1/../../../../arm-none-eabi/lib/thumb/v7e-m/nofp/libc_nano.a(libc_a-fwalk.o)
                              /opt/ST/STM32CubeCLT_1.16.0/GNU-tools-for-STM32/bin/../lib/gcc/arm-none-eabi/12.3.1/../../../../arm-none-eabi/lib/thumb/v7e-m/nofp/libc_nano.a(libc_a-findfp.o) (_fwalk_sglue)
/opt/ST/STM32CubeCLT_1.16.0/GNU-tools-for-STM32/bin/../lib/gcc/arm-none-eabi/12.3.1/../../../../arm-none-eabi/lib/thumb/v7e-m/nofp/libc_nano.a(libc_a-memset.o)
                              /opt/ST/STM32CubeCLT_1.16.0/GNU-tools-for-STM32/bin/../lib/gcc/arm-none-eabi/12.3.1/../../../../arm-none-eabi/lib/thumb/v7e-m/nofp/crt0.o (memset)
/opt/ST/STM32CubeCLT_1.16.0/GNU-tools-for-STM32/bin/../lib/gcc/arm-none-eabi/12.3.1/../../../../arm-none-eabi/lib/thumb/v7e-m/nofp/libc_nano.a(libc_a-impure.o)
                              /opt/ST/STM32CubeCLT_1.16.0/GNU-tools-for-STM32/bin/../lib/gcc/arm-none-eabi/12.3.1/../../../../arm-none-eabi/lib/thumb/v7e-m/nofp/libc_nano.a(libc_a-findfp.o) (_impure_data)
/opt/ST/STM32CubeCLT_1.16.0/GNU-tools-for-STM32/bin/../lib/gcc/arm-none-eabi/12.3.1/../../../../arm-none-eabi/lib/thumb/v7e-m/nofp/libc_nano.a(libc_a-init.o)
                              /opt/ST/STM32CubeCLT_1.16.0/GNU-tools-for-STM32/bin/../lib/gcc/arm-none-eabi/12.3.1/../../../../arm-none-eabi/lib/thumb/v7e-m/nofp/crt0.o (__libc_init_array)
/opt/ST/STM32CubeCLT_1.16.0/GNU-tools-for-STM32/bin/../lib/gcc/arm-none-eabi/12.3.1/../../../../arm-none-eabi/lib/thumb/v7e-m/nofp/libc_nano.a(libc_a-lock.o)
                              /opt/ST/STM32CubeCLT_1.16.0/GNU-tools-for-STM32/bin/../lib/gcc/arm-none-eabi/12.3.1/../../../../arm-none-eabi/lib/thumb/v7e-m/nofp/libc_nano.a(libc_a-findfp.o) (__retarget_lock_init_recursive)
/opt/ST/STM32CubeCLT_1.16.0/GNU-tools-for-STM32/bin/../lib/gcc/arm-none-eabi/12.3.1/../../../../arm-none-eabi/lib/thumb/v7e-m/nofp/libc_nano.a(libc_a-mallocr.o)
                              /opt/ST/STM32CubeCLT_1.16.0/GNU-tools-for-STM32/bin/../lib/gcc/arm-none-eabi/12.3.1/../../../../arm-none-eabi/lib/thumb/v7e-m/nofp/libc_nano.a(libc_a-findfp.o) (_malloc_r)
/opt/ST/STM32CubeCLT_1.16.0/GNU-tools-for-STM32/bin/../lib/gcc/arm-none-eabi/12.3.1/../../../../arm-none-eabi/lib/thumb/v7e-m/nofp/libc_nano.a(libc_a-fflush.o)
                              /opt/ST/STM32CubeCLT_1.16.0/GNU-tools-for-STM32/bin/../lib/gcc/arm-none-eabi/12.3.1/../../../../arm-none-eabi/lib/thumb/v7e-m/nofp/libc_nano.a(libc_a-findfp.o) (_fflush_r)
/opt/ST/STM32CubeCLT_1.16.0/GNU-tools-for-STM32/bin/../lib/gcc/arm-none-eabi/12.3.1/../../../../arm-none-eabi/lib/thumb/v7e-m/nofp/libc_nano.a(libc_a-mlock.o)
                              /opt/ST/STM32CubeCLT_1.16.0/GNU-tools-for-STM32/bin/../lib/gcc/arm-none-eabi/12.3.1/../../../../arm-none-eabi/lib/thumb/v7e-m/nofp/libc_nano.a(libc_a-mallocr.o) (__malloc_lock)
/opt/ST/STM32CubeCLT_1.16.0/GNU-tools-for-STM32/bin/../lib/gcc/arm-none-eabi/12.3.1/../../../../arm-none-eabi/lib/thumb/v7e-m/nofp/libc_nano.a(libc_a-stdio.o)
                              /opt/ST/STM32CubeCLT_1.16.0/GNU-tools-for-STM32/bin/../lib/gcc/arm-none-eabi/12.3.1/../../../../arm-none-eabi/lib/thumb/v7e-m/nofp/libc_nano.a(libc_a-findfp.o) (__sread)
/opt/ST/STM32CubeCLT_1.16.0/GNU-tools-for-STM32/bin/../lib/gcc/arm-none-eabi/12.3.1/../../../../arm-none-eabi/lib/thumb/v7e-m/nofp/libc_nano.a(libc_a-closer.o)
                              /opt/ST/STM32CubeCLT_1.16.0/GNU-tools-for-STM32/bin/../lib/gcc/arm-none-eabi/12.3.1/../../../../arm-none-eabi/lib/thumb/v7e-m/nofp/libc_nano.a(libc_a-stdio.o) (_close_r)
/opt/ST/STM32CubeCLT_1.16.0/GNU-tools-for-STM32/bin/../lib/gcc/arm-none-eabi/12.3.1/../../../../arm-none-eabi/lib/thumb/v7e-m/nofp/libc_nano.a(libc_a-reent.o)
                              /opt/ST/STM32CubeCLT_1.16.0/GNU-tools-for-STM32/bin/../lib/gcc/arm-none-eabi/12.3.1/../../../../arm-none-eabi/lib/thumb/v7e-m/nofp/libc_nano.a(libc_a-closer.o) (errno)
/opt/ST/STM32CubeCLT_1.16.0/GNU-tools-for-STM32/bin/../lib/gcc/arm-none-eabi/12.3.1/../../../../arm-none-eabi/lib/thumb/v7e-m/nofp/libc_nano.a(libc_a-lseekr.o)
[...]
Memory Configuration

Name             Origin             Length             Attributes
ROM              0x08000000         0x00040000         xr
RAM1             0x20000000         0x00008000         xrw
RAM2             0x20008000         0x00008000         xrw
*default*        0x00000000         0xffffffff

Linker script and memory map

LOAD /opt/ST/STM32CubeCLT_1.16.0/GNU-tools-for-STM32/bin/../lib/gcc/arm-none-eabi/12.3.1/thumb/v7e-m/nofp/crti.o
LOAD /opt/ST/STM32CubeCLT_1.16.0/GNU-tools-for-STM32/bin/../lib/gcc/arm-none-eabi/12.3.1/thumb/v7e-m/nofp/crtbegin.o
LOAD /opt/ST/STM32CubeCLT_1.16.0/GNU-tools-for-STM32/bin/../lib/gcc/arm-none-eabi/12.3.1/../../../../arm-none-eabi/lib/thumb/v7e-m/nofp/crt0.o
START GROUP
LOAD /opt/ST/STM32CubeCLT_1.16.0/GNU-tools-for-STM32/bin/../lib/gcc/arm-none-eabi/12.3.1/../../../../arm-none-eabi/lib/thumb/v7e-m/nofp/libc_nano.a
LOAD /opt/ST/STM32CubeCLT_1.16.0/GNU-tools-for-STM32/bin/../lib/gcc/arm-none-eabi/12.3.1/../../../../arm-none-eabi/lib/thumb/v7e-m/nofp/libm.a
END GROUP
LOAD CMakeFiles/SubGHz_Phy_PingPong.dir/Core/Src/main.c.obj
LOAD CMakeFiles/SubGHz_Phy_PingPong.dir/Core/Src/gpio.c.obj
LOAD CMakeFiles/SubGHz_Phy_PingPong.dir/Core/Src/dma.c.obj
LOAD CMakeFiles/SubGHz_Phy_PingPong.dir/Core/Src/rtc.c.obj
LOAD CMakeFiles/SubGHz_Phy_PingPong.dir/Core/Src/subghz.c.obj
LOAD CMakeFiles/SubGHz_Phy_PingPong.dir/Core/Src/stm32_lpm_if.c.obj
LOAD CMakeFiles/SubGHz_Phy_PingPong.dir/Core/Src/sys_app.c.obj
LOAD CMakeFiles/SubGHz_Phy_PingPong.dir/Core/Src/sys_debug.c.obj
LOAD CMakeFiles/SubGHz_Phy_PingPong.dir/Core/Src/timer_if.c.obj
LOAD CMakeFiles/SubGHz_Phy_PingPong.dir/Core/Src/usart_if.c.obj
LOAD CMakeFiles/SubGHz_Phy_PingPong.dir/Core/Src/usart.c.obj
LOAD CMakeFiles/SubGHz_Phy_PingPong.dir/Core/Src/stm32wlxx_it.c.obj
LOAD CMakeFiles/SubGHz_Phy_PingPong.dir/Core/Src/stm32wlxx_hal_msp.c.obj
LOAD CMakeFiles/SubGHz_Phy_PingPong.dir/SubGHz_Phy/Target/radio_board_if.c.obj
LOAD CMakeFiles/SubGHz_Phy_PingPong.dir/SubGHz_Phy/App/app_subghz_phy.c.obj
LOAD CMakeFiles/SubGHz_Phy_PingPong.dir/SubGHz_Phy/App/subghz_phy_app.c.obj
LOAD CMakeFiles/SubGHz_Phy_PingPong.dir/Drivers/BSP/STM32WLxx_Nucleo/stm32wlxx_nucleo.c.obj
LOAD CMakeFiles/SubGHz_Phy_PingPong.dir/Drivers/BSP/STM32WLxx_Nucleo/stm32wlxx_nucleo_radio.c.obj
LOAD CMakeFiles/SubGHz_Phy_PingPong.dir/Drivers/STM32WLxx_HAL_Driver/Src/stm32wlxx_hal_rcc.c.obj
LOAD CMakeFiles/SubGHz_Phy_PingPong.dir/Drivers/STM32WLxx_HAL_Driver/Src/stm32wlxx_hal_rcc_ex.c.obj
LOAD CMakeFiles/SubGHz_Phy_PingPong.dir/Drivers/STM32WLxx_HAL_Driver/Src/stm32wlxx_hal_flash.c.obj
LOAD CMakeFiles/SubGHz_Phy_PingPong.dir/Drivers/STM32WLxx_HAL_Driver/Src/stm32wlxx_hal_flash_ex.c.obj
LOAD CMakeFiles/SubGHz_Phy_PingPong.dir/Drivers/STM32WLxx_HAL_Driver/Src/stm32wlxx_hal_gpio.c.obj
LOAD CMakeFiles/SubGHz_Phy_PingPong.dir/Drivers/STM32WLxx_HAL_Driver/Src/stm32wlxx_hal_dma.c.obj
LOAD CMakeFiles/SubGHz_Phy_PingPong.dir/Drivers/STM32WLxx_HAL_Driver/Src/stm32wlxx_hal_dma_ex.c.obj
LOAD CMakeFiles/SubGHz_Phy_PingPong.dir/Drivers/STM32WLxx_HAL_Driver/Src/stm32wlxx_hal_pwr.c.obj
LOAD CMakeFiles/SubGHz_Phy_PingPong.dir/Drivers/STM32WLxx_HAL_Driver/Src/stm32wlxx_hal_pwr_ex.c.obj
LOAD CMakeFiles/SubGHz_Phy_PingPong.dir/Drivers/STM32WLxx_HAL_Driver/Src/stm32wlxx_hal_cortex.c.obj
LOAD CMakeFiles/SubGHz_Phy_PingPong.dir/Drivers/STM32WLxx_HAL_Driver/Src/stm32wlxx_hal.c.obj
LOAD CMakeFiles/SubGHz_Phy_PingPong.dir/Drivers/STM32WLxx_HAL_Driver/Src/stm32wlxx_hal_exti.c.obj
LOAD CMakeFiles/SubGHz_Phy_PingPong.dir/Drivers/STM32WLxx_HAL_Driver/Src/stm32wlxx_hal_rtc.c.obj
LOAD CMakeFiles/SubGHz_Phy_PingPong.dir/Drivers/STM32WLxx_HAL_Driver/Src/stm32wlxx_hal_rtc_ex.c.obj
LOAD CMakeFiles/SubGHz_Phy_PingPong.dir/Drivers/STM32WLxx_HAL_Driver/Src/stm32wlxx_hal_subghz.c.obj
LOAD CMakeFiles/SubGHz_Phy_PingPong.dir/Drivers/STM32WLxx_HAL_Driver/Src/stm32wlxx_hal_tim.c.obj
LOAD CMakeFiles/SubGHz_Phy_PingPong.dir/Drivers/STM32WLxx_HAL_Driver/Src/stm32wlxx_hal_tim_ex.c.obj
LOAD CMakeFiles/SubGHz_Phy_PingPong.dir/Drivers/STM32WLxx_HAL_Driver/Src/stm32wlxx_hal_uart.c.obj
LOAD CMakeFiles/SubGHz_Phy_PingPong.dir/Drivers/STM32WLxx_HAL_Driver/Src/stm32wlxx_hal_uart_ex.c.obj
LOAD CMakeFiles/SubGHz_Phy_PingPong.dir/Core/Src/system_stm32wlxx.c.obj
LOAD CMakeFiles/SubGHz_Phy_PingPong.dir/Middlewares/Third_Party/SubGHz_Phy/stm32_radio_driver/radio.c.obj
LOAD CMakeFiles/SubGHz_Phy_PingPong.dir/Middlewares/Third_Party/SubGHz_Phy/stm32_radio_driver/radio_fw.c.obj
LOAD CMakeFiles/SubGHz_Phy_PingPong.dir/Middlewares/Third_Party/SubGHz_Phy/stm32_radio_driver/lr_fhss_mac.c.obj
LOAD CMakeFiles/SubGHz_Phy_PingPong.dir/Middlewares/Third_Party/SubGHz_Phy/stm32_radio_driver/radio_driver.c.obj
LOAD CMakeFiles/SubGHz_Phy_PingPong.dir/Middlewares/Third_Party/SubGHz_Phy/stm32_radio_driver/wl_lr_fhss.c.obj
LOAD CMakeFiles/SubGHz_Phy_PingPong.dir/Utilities/trace/adv_trace/stm32_adv_trace.c.obj
LOAD CMakeFiles/SubGHz_Phy_PingPong.dir/Utilities/misc/stm32_mem.c.obj
LOAD CMakeFiles/SubGHz_Phy_PingPong.dir/Utilities/misc/stm32_systime.c.obj
LOAD CMakeFiles/SubGHz_Phy_PingPong.dir/Utilities/misc/stm32_tiny_sscanf.c.obj
LOAD CMakeFiles/SubGHz_Phy_PingPong.dir/Utilities/misc/stm32_tiny_vsnprintf.c.obj
LOAD CMakeFiles/SubGHz_Phy_PingPong.dir/Utilities/sequencer/stm32_seq.c.obj
LOAD CMakeFiles/SubGHz_Phy_PingPong.dir/Utilities/timer/stm32_timer.c.obj
LOAD CMakeFiles/SubGHz_Phy_PingPong.dir/Utilities/lpm/tiny_lpm/stm32_lpm.c.obj
LOAD CMakeFiles/SubGHz_Phy_PingPong.dir/Core/Src/sysmem.c.obj
LOAD CMakeFiles/SubGHz_Phy_PingPong.dir/Core/Src/syscalls.c.obj
LOAD CMakeFiles/SubGHz_Phy_PingPong.dir/startup_stm32wl55xx_cm4.s.obj
START GROUP
LOAD /opt/ST/STM32CubeCLT_1.16.0/GNU-tools-for-STM32/bin/../lib/gcc/arm-none-eabi/12.3.1/thumb/v7e-m/nofp/libgcc.a
LOAD /opt/ST/STM32CubeCLT_1.16.0/GNU-tools-for-STM32/bin/../lib/gcc/arm-none-eabi/12.3.1/../../../../arm-none-eabi/lib/thumb/v7e-m/nofp/libg_nano.a
LOAD /opt/ST/STM32CubeCLT_1.16.0/GNU-tools-for-STM32/bin/../lib/gcc/arm-none-eabi/12.3.1/../../../../arm-none-eabi/lib/thumb/v7e-m/nofp/libc_nano.a
END GROUP
START GROUP
LOAD /opt/ST/STM32CubeCLT_1.16.0/GNU-tools-for-STM32/bin/../lib/gcc/arm-none-eabi/12.3.1/thumb/v7e-m/nofp/libgcc.a
LOAD /opt/ST/STM32CubeCLT_1.16.0/GNU-tools-for-STM32/bin/../lib/gcc/arm-none-eabi/12.3.1/../../../../arm-none-eabi/lib/thumb/v7e-m/nofp/libc_nano.a
END GROUP
LOAD /opt/ST/STM32CubeCLT_1.16.0/GNU-tools-for-STM32/bin/../lib/gcc/arm-none-eabi/12.3.1/thumb/v7e-m/nofp/crtend.o
LOAD /opt/ST/STM32CubeCLT_1.16.0/GNU-tools-for-STM32/bin/../lib/gcc/arm-none-eabi/12.3.1/thumb/v7e-m/nofp/crtn.o
                0x20008000                        _estack = (ORIGIN (RAM1) + LENGTH (RAM1))
                0x00000200                        _Min_Heap_Size = 0x200
                0x00000800                        _Min_Stack_Size = 0x800

.isr_vector     0x08000000      0x138
                0x08000000                        . = ALIGN (0x8)
 *(.isr_vector)
 .isr_vector    0x08000000      0x138 CMakeFiles/SubGHz_Phy_PingPong.dir/startup_stm32wl55xx_cm4.s.obj
                0x08000000                g_pfnVectors
                0x08000138                        . = ALIGN (0x8)

.text           0x08000138     0xc358
                0x08000138                        . = ALIGN (0x8)
 *(.text)
 .text          0x08000138       0x40 /opt/ST/STM32CubeCLT_1.16.0/GNU-tools-for-STM32/bin/../lib/gcc/arm-none-eabi/12.3.1/thumb/v7e-m/nofp/crtbegin.o
 .text          0x08000178       0x30 /opt/ST/STM32CubeCLT_1.16.0/GNU-tools-for-STM32/bin/../lib/gcc/arm-none-eabi/12.3.1/thumb/v7e-m/nofp/libgcc.a(_aeabi_uldivmod.o)
                0x08000178                __aeabi_uldivmod
 .text          0x080001a8      0x2bc /opt/ST/STM32CubeCLT_1.16.0/GNU-tools-for-STM32/bin/../lib/gcc/arm-none-eabi/12.3.1/thumb/v7e-m/nofp/libgcc.a(_udivmoddi4.o)
                0x080001a8                __udivmoddi4
 .text          0x08000464        0x4 /opt/ST/STM32CubeCLT_1.16.0/GNU-tools-for-STM32/bin/../lib/gcc/arm-none-eabi/12.3.1/thumb/v7e-m/nofp/libgcc.a(_dvmd_tls.o)
                0x08000464                __aeabi_ldiv0
                0x08000464                __aeabi_idiv0
 .text          0x08000468       0x10 /opt/ST/STM32CubeCLT_1.16.0/GNU-tools-for-STM32/bin/../lib/gcc/arm-none-eabi/12.3.1/../../../../arm-none-eabi/lib/thumb/v7e-m/nofp/libg_nano.a(libc_a-strlen.o)
                0x08000468                strlen
 *(.text*)
 .text.memset   0x08000478       0x10 /opt/ST/STM32CubeCLT_1.16.0/GNU-tools-for-STM32/bin/../lib/gcc/arm-none-eabi/12.3.1/../../../../arm-none-eabi/lib/thumb/v7e-m/nofp/libc_nano.a(libc_a-memset.o)
                0x08000478                memset
 .text.__libc_init_array
                0x08000488       0x48 /opt/ST/STM32CubeCLT_1.16.0/GNU-tools-for-STM32/bin/../lib/gcc/arm-none-eabi/12.3.1/../../../../arm-none-eabi/lib/thumb/v7e-m/nofp/libc_nano.a(libc_a-init.o)
                0x08000488                __libc_init_array
 .text.LL_RCC_LSE_SetDriveCapability
                0x080004d0       0x2a CMakeFiles/SubGHz_Phy_PingPong.dir/Core/Src/main.c.obj
 .text.main     0x080004fa       0x1a CMakeFiles/SubGHz_Phy_PingPong.dir/Core/Src/main.c.obj
                0x080004fa                main
 .text.SystemClock_Config
                0x08000514       0xb0 CMakeFiles/SubGHz_Phy_PingPong.dir/Core/Src/main.c.obj
                0x08000514                SystemClock_Config
 .text.Error_Handler
                0x080005c4        0xc CMakeFiles/SubGHz_Phy_PingPong.dir/Core/Src/main.c.obj
                0x080005c4                Error_Handler
 .text.LL_AHB2_GRP1_EnableClock
                0x080005d0       0x30 CMakeFiles/SubGHz_Phy_PingPong.dir/Core/Src/gpio.c.obj
 .text.MX_GPIO_Init
                0x08000600       0xac CMakeFiles/SubGHz_Phy_PingPong.dir/Core/Src/gpio.c.obj
                0x08000600                MX_GPIO_Init
 .text.LL_AHB1_GRP1_EnableClock
                0x080006ac       0x30 CMakeFiles/SubGHz_Phy_PingPong.dir/Core/Src/dma.c.obj
 .text.MX_DMA_Init
                0x080006dc       0x24 CMakeFiles/SubGHz_Phy_PingPong.dir/Core/Src/dma.c.obj
                0x080006dc                MX_DMA_Init
 .text.LL_RCC_EnableRTC
                0x08000700       0x20 CMakeFiles/SubGHz_Phy_PingPong.dir/Core/Src/rtc.c.obj
 .text.LL_APB1_GRP1_EnableClock
                0x08000720       0x30 CMakeFiles/SubGHz_Phy_PingPong.dir/Core/Src/rtc.c.obj
 .text.MX_RTC_Init
                0x08000750       0xa4 CMakeFiles/SubGHz_Phy_PingPong.dir/Core/Src/rtc.c.obj
                0x08000750                MX_RTC_Init
 .text.HAL_RTC_MspInit
                0x080007f4       0x78 CMakeFiles/SubGHz_Phy_PingPong.dir/Core/Src/rtc.c.obj
                0x080007f4                HAL_RTC_MspInit
 .text.LL_APB3_GRP1_EnableClock
                0x0800086c       0x30 CMakeFiles/SubGHz_Phy_PingPong.dir/Core/Src/subghz.c.obj
 .text.MX_SUBGHZ_Init
                0x0800089c       0x24 CMakeFiles/SubGHz_Phy_PingPong.dir/Core/Src/subghz.c.obj
                0x0800089c                MX_SUBGHZ_Init
 .text.HAL_SUBGHZ_MspInit
                0x080008c0       0x26 CMakeFiles/SubGHz_Phy_PingPong.dir/Core/Src/subghz.c.obj
                0x080008c0                HAL_SUBGHZ_MspInit
 *fill*         0x080008e6        0x2 
 .text.LL_PWR_ClearFlag_C1STOP_C1STB
                0x080008e8       0x18 CMakeFiles/SubGHz_Phy_PingPong.dir/Core/Src/stm32_lpm_if.c.obj
 .text.PWR_EnterOffMode
                0x08000900        0xc CMakeFiles/SubGHz_Phy_PingPong.dir/Core/Src/stm32_lpm_if.c.obj
                0x08000900                PWR_EnterOffMode
 .text.PWR_ExitOffMode
                0x0800090c        0xc CMakeFiles/SubGHz_Phy_PingPong.dir/Core/Src/stm32_lpm_if.c.obj
                0x0800090c                PWR_ExitOffMode
 .text.PWR_EnterStopMode
                0x08000918       0x16 CMakeFiles/SubGHz_Phy_PingPong.dir/Core/Src/stm32_lpm_if.c.obj
                0x08000918                PWR_EnterStopMode
 .text.PWR_ExitStopMode
                0x0800092e       0x10 CMakeFiles/SubGHz_Phy_PingPong.dir/Core/Src/stm32_lpm_if.c.obj
                0x0800092e                PWR_ExitStopMode
 .text.PWR_EnterSleepMode
                0x0800093e       0x14 CMakeFiles/SubGHz_Phy_PingPong.dir/Core/Src/stm32_lpm_if.c.obj
                0x0800093e                PWR_EnterSleepMode
 .text.PWR_ExitSleepMode
                0x08000952        0xc CMakeFiles/SubGHz_Phy_PingPong.dir/Core/Src/stm32_lpm_if.c.obj
                0x08000952                PWR_ExitSleepMode
 .text.LL_RCC_SetClkAfterWakeFromStop
                0x0800095e       0x26 CMakeFiles/SubGHz_Phy_PingPong.dir/Core/Src/sys_app.c.obj
 .text.SystemApp_Init
                0x08000984       0x40 CMakeFiles/SubGHz_Phy_PingPong.dir/Core/Src/sys_app.c.obj
                0x08000984                SystemApp_Init
 .text.UTIL_SEQ_Idle
                0x080009c4        0xc CMakeFiles/SubGHz_Phy_PingPong.dir/Core/Src/sys_app.c.obj
                0x080009c4                UTIL_SEQ_Idle
 .text.TimestampNow
                0x080009d0       0x40 CMakeFiles/SubGHz_Phy_PingPong.dir/Core/Src/sys_app.c.obj
 .text.UTIL_ADV_TRACE_PreSendHook
                0x08000a10       0x10 CMakeFiles/SubGHz_Phy_PingPong.dir/Core/Src/sys_app.c.obj
                0x08000a10                UTIL_ADV_TRACE_PreSendHook
 .text.UTIL_ADV_TRACE_PostSendHook
                0x08000a20       0x10 CMakeFiles/SubGHz_Phy_PingPong.dir/Core/Src/sys_app.c.obj
                0x08000a20                UTIL_ADV_TRACE_PostSendHook
 .text.tiny_snprintf_like
                0x08000a30       0x2c CMakeFiles/SubGHz_Phy_PingPong.dir/Core/Src/sys_app.c.obj
 .text.HAL_InitTick
                0x08000a5c       0x14 CMakeFiles/SubGHz_Phy_PingPong.dir/Core/Src/sys_app.c.obj
                0x08000a5c                HAL_InitTick
 .text.HAL_GetTick
                0x08000a70       0x28 CMakeFiles/SubGHz_Phy_PingPong.dir/Core/Src/sys_app.c.obj
                0x08000a70                HAL_GetTick
 .text.HAL_Delay
                0x08000a98       0x18 CMakeFiles/SubGHz_Phy_PingPong.dir/Core/Src/sys_app.c.obj
                0x08000a98                HAL_Delay
 .text.LL_AHB2_GRP1_EnableClock
                0x08000ab0       0x30 CMakeFiles/SubGHz_Phy_PingPong.dir/Core/Src/sys_debug.c.obj
 .text.DBG_Init
                0x08000ae0       0x7c CMakeFiles/SubGHz_Phy_PingPong.dir/Core/Src/sys_debug.c.obj
                0x08000ae0                DBG_Init
 .text.LL_RTC_TIME_GetSubSecond
                0x08000b5c       0x16 CMakeFiles/SubGHz_Phy_PingPong.dir/Core/Src/timer_if.c.obj
 *fill*         0x08000b72        0x2 
 .text.TIMER_IF_Init
                0x08000b74       0x64 CMakeFiles/SubGHz_Phy_PingPong.dir/Core/Src/timer_if.c.obj
                0x08000b74                TIMER_IF_Init
 .text.TIMER_IF_StartTimer
                0x08000bd8       0x70 CMakeFiles/SubGHz_Phy_PingPong.dir/Core/Src/timer_if.c.obj
                0x08000bd8                TIMER_IF_StartTimer
 .text.TIMER_IF_StopTimer
                0x08000c48       0x34 CMakeFiles/SubGHz_Phy_PingPong.dir/Core/Src/timer_if.c.obj
                0x08000c48                TIMER_IF_StopTimer
 .text.TIMER_IF_SetTimerContext
                0x08000c7c       0x1c CMakeFiles/SubGHz_Phy_PingPong.dir/Core/Src/timer_if.c.obj
                0x08000c7c                TIMER_IF_SetTimerContext
 .text.TIMER_IF_GetTimerContext
                0x08000c98       0x14 CMakeFiles/SubGHz_Phy_PingPong.dir/Core/Src/timer_if.c.obj
                0x08000c98                TIMER_IF_GetTimerContext
 .text.TIMER_IF_GetTimerElapsedTime
                0x08000cac       0x28 CMakeFiles/SubGHz_Phy_PingPong.dir/Core/Src/timer_if.c.obj
                0x08000cac                TIMER_IF_GetTimerElapsedTime
 .text.TIMER_IF_GetTimerValue
                0x08000cd4       0x28 CMakeFiles/SubGHz_Phy_PingPong.dir/Core/Src/timer_if.c.obj
                0x08000cd4                TIMER_IF_GetTimerValue
 .text.TIMER_IF_GetMinimumTimeout
                0x08000cfc       0x1a CMakeFiles/SubGHz_Phy_PingPong.dir/Core/Src/timer_if.c.obj
                0x08000cfc                TIMER_IF_GetMinimumTimeout
 .text.TIMER_IF_Convert_ms2Tick
                0x08000d16       0x3a CMakeFiles/SubGHz_Phy_PingPong.dir/Core/Src/timer_if.c.obj
                0x08000d16                TIMER_IF_Convert_ms2Tick
 .text.TIMER_IF_Convert_Tick2ms
                0x08000d50       0x92 CMakeFiles/SubGHz_Phy_PingPong.dir/Core/Src/timer_if.c.obj
                0x08000d50                TIMER_IF_Convert_Tick2ms
 .text.TIMER_IF_DelayMs
                0x08000de2       0x34 CMakeFiles/SubGHz_Phy_PingPong.dir/Core/Src/timer_if.c.obj
                0x08000de2                TIMER_IF_DelayMs
 .text.HAL_RTC_AlarmAEventCallback
                0x08000e16       0x14 CMakeFiles/SubGHz_Phy_PingPong.dir/Core/Src/timer_if.c.obj
                0x08000e16                HAL_RTC_AlarmAEventCallback
 .text.HAL_RTCEx_SSRUEventCallback
                0x08000e2a       0x20 CMakeFiles/SubGHz_Phy_PingPong.dir/Core/Src/timer_if.c.obj
                0x08000e2a                HAL_RTCEx_SSRUEventCallback
 .text.TIMER_IF_GetTime
                0x08000e4a       0x8e CMakeFiles/SubGHz_Phy_PingPong.dir/Core/Src/timer_if.c.obj
                0x08000e4a                TIMER_IF_GetTime
 .text.TIMER_IF_BkUp_Write_Seconds
                0x08000ed8       0x20 CMakeFiles/SubGHz_Phy_PingPong.dir/Core/Src/timer_if.c.obj
                0x08000ed8                TIMER_IF_BkUp_Write_Seconds
 .text.TIMER_IF_BkUp_Write_SubSeconds
                0x08000ef8       0x20 CMakeFiles/SubGHz_Phy_PingPong.dir/Core/Src/timer_if.c.obj
                0x08000ef8                TIMER_IF_BkUp_Write_SubSeconds
 .text.TIMER_IF_BkUp_Read_Seconds
                0x08000f18       0x24 CMakeFiles/SubGHz_Phy_PingPong.dir/Core/Src/timer_if.c.obj
                0x08000f18                TIMER_IF_BkUp_Read_Seconds
 .text.TIMER_IF_BkUp_Read_SubSeconds
                0x08000f3c       0x24 CMakeFiles/SubGHz_Phy_PingPong.dir/Core/Src/timer_if.c.obj
                0x08000f3c                TIMER_IF_BkUp_Read_SubSeconds
 .text.TIMER_IF_BkUp_Write_MSBticks
                0x08000f60       0x20 CMakeFiles/SubGHz_Phy_PingPong.dir/Core/Src/timer_if.c.obj
 .text.TIMER_IF_BkUp_Read_MSBticks
                0x08000f80       0x20 CMakeFiles/SubGHz_Phy_PingPong.dir/Core/Src/timer_if.c.obj
 .text.GetTimerTicks
                0x08000fa0       0x38 CMakeFiles/SubGHz_Phy_PingPong.dir/Core/Src/timer_if.c.obj
 .text.LL_APB1_GRP1_ForceReset
                0x08000fd8       0x22 CMakeFiles/SubGHz_Phy_PingPong.dir/Core/Src/usart_if.c.obj
 .text.LL_APB1_GRP1_ReleaseReset
                0x08000ffa       0x24 CMakeFiles/SubGHz_Phy_PingPong.dir/Core/Src/usart_if.c.obj
 *fill*         0x0800101e        0x2 
 .text.LL_EXTI_EnableIT_0_31
                0x08001020       0x28 CMakeFiles/SubGHz_Phy_PingPong.dir/Core/Src/usart_if.c.obj
 .text.vcom_Init
                0x08001048       0x2c CMakeFiles/SubGHz_Phy_PingPong.dir/Core/Src/usart_if.c.obj
                0x08001048                vcom_Init
 .text.vcom_DeInit
                0x08001074       0x2c CMakeFiles/SubGHz_Phy_PingPong.dir/Core/Src/usart_if.c.obj
                0x08001074                vcom_DeInit
 .text.vcom_Trace_DMA
                0x080010a0       0x28 CMakeFiles/SubGHz_Phy_PingPong.dir/Core/Src/usart_if.c.obj
                0x080010a0                vcom_Trace_DMA
 .text.vcom_ReceiveInit
                0x080010c8       0x7c CMakeFiles/SubGHz_Phy_PingPong.dir/Core/Src/usart_if.c.obj
                0x080010c8                vcom_ReceiveInit
 .text.vcom_Resume
                0x08001144       0x30 CMakeFiles/SubGHz_Phy_PingPong.dir/Core/Src/usart_if.c.obj
                0x08001144                vcom_Resume
 .text.HAL_UART_TxCpltCallback
                0x08001174       0x2c CMakeFiles/SubGHz_Phy_PingPong.dir/Core/Src/usart_if.c.obj
                0x08001174                HAL_UART_TxCpltCallback
 .text.HAL_UART_RxCpltCallback
                0x080011a0       0x50 CMakeFiles/SubGHz_Phy_PingPong.dir/Core/Src/usart_if.c.obj
                0x080011a0                HAL_UART_RxCpltCallback
 .text.LL_AHB2_GRP1_EnableClock
                0x080011f0       0x30 CMakeFiles/SubGHz_Phy_PingPong.dir/Core/Src/usart.c.obj
 .text.LL_APB1_GRP1_EnableClock
                0x08001220       0x30 CMakeFiles/SubGHz_Phy_PingPong.dir/Core/Src/usart.c.obj
 .text.LL_APB1_GRP1_DisableClock
                0x08001250       0x24 CMakeFiles/SubGHz_Phy_PingPong.dir/Core/Src/usart.c.obj
 .text.MX_USART2_UART_Init
                0x08001274       0x98 CMakeFiles/SubGHz_Phy_PingPong.dir/Core/Src/usart.c.obj
                0x08001274                MX_USART2_UART_Init
 .text.HAL_UART_MspInit
                0x0800130c      0x108 CMakeFiles/SubGHz_Phy_PingPong.dir/Core/Src/usart.c.obj
                0x0800130c                HAL_UART_MspInit
 .text.HAL_UART_MspDeInit
                0x08001414       0x40 CMakeFiles/SubGHz_Phy_PingPong.dir/Core/Src/usart.c.obj
                0x08001414                HAL_UART_MspDeInit
 .text.NMI_Handler
                0x08001454        0x8 CMakeFiles/SubGHz_Phy_PingPong.dir/Core/Src/stm32wlxx_it.c.obj
                0x08001454                NMI_Handler
 .text.HardFault_Handler
                0x0800145c        0x8 CMakeFiles/SubGHz_Phy_PingPong.dir/Core/Src/stm32wlxx_it.c.obj
                0x0800145c                HardFault_Handler
 .text.MemManage_Handler
                0x08001464        0x8 CMakeFiles/SubGHz_Phy_PingPong.dir/Core/Src/stm32wlxx_it.c.obj
                0x08001464                MemManage_Handler
 .text.BusFault_Handler
                0x0800146c        0x8 CMakeFiles/SubGHz_Phy_PingPong.dir/Core/Src/stm32wlxx_it.c.obj
                0x0800146c                BusFault_Handler
 .text.UsageFault_Handler
                0x08001474        0x8 CMakeFiles/SubGHz_Phy_PingPong.dir/Core/Src/stm32wlxx_it.c.obj
                0x08001474                UsageFault_Handler
 .text.SVC_Handler
                0x0800147c        0xc CMakeFiles/SubGHz_Phy_PingPong.dir/Core/Src/stm32wlxx_it.c.obj
                0x0800147c                SVC_Handler
 .text.DebugMon_Handler
                0x08001488        0xc CMakeFiles/SubGHz_Phy_PingPong.dir/Core/Src/stm32wlxx_it.c.obj
                0x08001488                DebugMon_Handler
 .text.PendSV_Handler
                0x08001494        0xc CMakeFiles/SubGHz_Phy_PingPong.dir/Core/Src/stm32wlxx_it.c.obj
                0x08001494                PendSV_Handler
 .text.SysTick_Handler
                0x080014a0        0xc CMakeFiles/SubGHz_Phy_PingPong.dir/Core/Src/stm32wlxx_it.c.obj
                0x080014a0                SysTick_Handler
 .text.TAMP_STAMP_LSECSS_SSRU_IRQHandler
                0x080014ac       0x14 CMakeFiles/SubGHz_Phy_PingPong.dir/Core/Src/stm32wlxx_it.c.obj
                0x080014ac                TAMP_STAMP_LSECSS_SSRU_IRQHandler
 .text.DMA1_Channel5_IRQHandler
                0x080014c0       0x14 CMakeFiles/SubGHz_Phy_PingPong.dir/Core/Src/stm32wlxx_it.c.obj
                0x080014c0                DMA1_Channel5_IRQHandler
 .text.USART2_IRQHandler
                0x080014d4       0x14 CMakeFiles/SubGHz_Phy_PingPong.dir/Core/Src/stm32wlxx_it.c.obj
                0x080014d4                USART2_IRQHandler
 .text.RTC_Alarm_IRQHandler
                0x080014e8       0x14 CMakeFiles/SubGHz_Phy_PingPong.dir/Core/Src/stm32wlxx_it.c.obj
                0x080014e8                RTC_Alarm_IRQHandler
 .text.SUBGHZ_Radio_IRQHandler
                0x080014fc       0x14 CMakeFiles/SubGHz_Phy_PingPong.dir/Core/Src/stm32wlxx_it.c.obj
                0x080014fc                SUBGHZ_Radio_IRQHandler
 .text.HAL_MspInit
                0x08001510        0xc CMakeFiles/SubGHz_Phy_PingPong.dir/Core/Src/stm32wlxx_hal_msp.c.obj
                0x08001510                HAL_MspInit
 .text.RBI_Init
                0x0800151c        0xe CMakeFiles/SubGHz_Phy_PingPong.dir/SubGHz_Phy/Target/radio_board_if.c.obj
                0x0800151c                RBI_Init
 .text.RBI_ConfigRFSwitch
                0x0800152a       0x1c CMakeFiles/SubGHz_Phy_PingPong.dir/SubGHz_Phy/Target/radio_board_if.c.obj
                0x0800152a                RBI_ConfigRFSwitch
 .text.RBI_GetTxConfig
                0x08001546        0xe CMakeFiles/SubGHz_Phy_PingPong.dir/SubGHz_Phy/Target/radio_board_if.c.obj
                0x08001546                RBI_GetTxConfig
 .text.RBI_IsTCXO
                0x08001554        0xe CMakeFiles/SubGHz_Phy_PingPong.dir/SubGHz_Phy/Target/radio_board_if.c.obj
                0x08001554                RBI_IsTCXO
 .text.RBI_IsDCDC
                0x08001562        0xe CMakeFiles/SubGHz_Phy_PingPong.dir/SubGHz_Phy/Target/radio_board_if.c.obj
                0x08001562                RBI_IsDCDC
 .text.RBI_GetRFOMaxPowerConfig
                0x08001570       0x1c CMakeFiles/SubGHz_Phy_PingPong.dir/SubGHz_Phy/Target/radio_board_if.c.obj
                0x08001570                RBI_GetRFOMaxPowerConfig
 .text.MX_SubGHz_Phy_Init
                0x0800158c       0x10 CMakeFiles/SubGHz_Phy_PingPong.dir/SubGHz_Phy/App/app_subghz_phy.c.obj
                0x0800158c                MX_SubGHz_Phy_Init
 .text.MX_SubGHz_Phy_Process
                0x0800159c       0x10 CMakeFiles/SubGHz_Phy_PingPong.dir/SubGHz_Phy/App/app_subghz_phy.c.obj
                0x0800159c                MX_SubGHz_Phy_Process
 .text.SubghzApp_Init
                0x080015ac      0x1d4 CMakeFiles/SubGHz_Phy_PingPong.dir/SubGHz_Phy/App/subghz_phy_app.c.obj
                0x080015ac                SubghzApp_Init
 .text.OnTxDone
                0x08001780       0x2c CMakeFiles/SubGHz_Phy_PingPong.dir/SubGHz_Phy/App/subghz_phy_app.c.obj
 .text.OnRxDone
                0x080017ac      0x114 CMakeFiles/SubGHz_Phy_PingPong.dir/SubGHz_Phy/App/subghz_phy_app.c.obj
 .text.OnTxTimeout
                0x080018c0       0x2c CMakeFiles/SubGHz_Phy_PingPong.dir/SubGHz_Phy/App/subghz_phy_app.c.obj
 .text.OnRxTimeout
                0x080018ec       0x2c CMakeFiles/SubGHz_Phy_PingPong.dir/SubGHz_Phy/App/subghz_phy_app.c.obj
 .text.OnRxError
                0x08001918       0x2c CMakeFiles/SubGHz_Phy_PingPong.dir/SubGHz_Phy/App/subghz_phy_app.c.obj
 .text.PingPong_Process
                0x08001944      0x264 CMakeFiles/SubGHz_Phy_PingPong.dir/SubGHz_Phy/App/subghz_phy_app.c.obj
 .text.OnledEvent
                0x08001ba8       0x34 CMakeFiles/SubGHz_Phy_PingPong.dir/SubGHz_Phy/App/subghz_phy_app.c.obj
 .text.LL_AHB2_GRP1_EnableClock
                0x08001bdc       0x30 CMakeFiles/SubGHz_Phy_PingPong.dir/Drivers/BSP/STM32WLxx_Nucleo/stm32wlxx_nucleo_radio.c.obj
 .text.BSP_RADIO_Init
                0x08001c0c       0x7c CMakeFiles/SubGHz_Phy_PingPong.dir/Drivers/BSP/STM32WLxx_Nucleo/stm32wlxx_nucleo_radio.c.obj
                0x08001c0c                BSP_RADIO_Init
 .text.BSP_RADIO_ConfigRFSwitch
                0x08001c88       0xb8 CMakeFiles/SubGHz_Phy_PingPong.dir/Drivers/BSP/STM32WLxx_Nucleo/stm32wlxx_nucleo_radio.c.obj
                0x08001c88                BSP_RADIO_ConfigRFSwitch
 .text.BSP_RADIO_GetTxConfig
                0x08001d40        0xe CMakeFiles/SubGHz_Phy_PingPong.dir/Drivers/BSP/STM32WLxx_Nucleo/stm32wlxx_nucleo_radio.c.obj
                0x08001d40                BSP_RADIO_GetTxConfig
 .text.BSP_RADIO_IsTCXO
                0x08001d4e        0xe CMakeFiles/SubGHz_Phy_PingPong.dir/Drivers/BSP/STM32WLxx_Nucleo/stm32wlxx_nucleo_radio.c.obj
                0x08001d4e                BSP_RADIO_IsTCXO
 .text.BSP_RADIO_IsDCDC
                0x08001d5c        0xe CMakeFiles/SubGHz_Phy_PingPong.dir/Drivers/BSP/STM32WLxx_Nucleo/stm32wlxx_nucleo_radio.c.obj
                0x08001d5c                BSP_RADIO_IsDCDC
 .text.BSP_RADIO_GetRFOMaxPowerConfig
                0x08001d6a       0x26 CMakeFiles/SubGHz_Phy_PingPong.dir/Drivers/BSP/STM32WLxx_Nucleo/stm32wlxx_nucleo_radio.c.obj
                0x08001d6a                BSP_RADIO_GetRFOMaxPowerConfig
 .text.LL_PWR_IsEnabledBkUpAccess
                0x08001d90       0x24 CMakeFiles/SubGHz_Phy_PingPong.dir/Drivers/STM32WLxx_HAL_Driver/Src/stm32wlxx_hal_rcc.c.obj
 .text.LL_RCC_HSE_EnableTcxo
                0x08001db4       0x1c CMakeFiles/SubGHz_Phy_PingPong.dir/Drivers/STM32WLxx_HAL_Driver/Src/stm32wlxx_hal_rcc.c.obj
 .text.LL_RCC_HSE_DisableTcxo
                0x08001dd0       0x1c CMakeFiles/SubGHz_Phy_PingPong.dir/Drivers/STM32WLxx_HAL_Driver/Src/stm32wlxx_hal_rcc.c.obj
 .text.LL_RCC_HSE_IsEnabledDiv2
                0x08001dec       0x22 CMakeFiles/SubGHz_Phy_PingPong.dir/Drivers/STM32WLxx_HAL_Driver/Src/stm32wlxx_hal_rcc.c.obj
 .text.LL_RCC_HSE_Enable
                0x08001e0e       0x1c CMakeFiles/SubGHz_Phy_PingPong.dir/Drivers/STM32WLxx_HAL_Driver/Src/stm32wlxx_hal_rcc.c.obj
 .text.LL_RCC_HSE_Disable
                0x08001e2a       0x1c CMakeFiles/SubGHz_Phy_PingPong.dir/Drivers/STM32WLxx_HAL_Driver/Src/stm32wlxx_hal_rcc.c.obj
 .text.LL_RCC_HSE_IsReady
                0x08001e46       0x22 CMakeFiles/SubGHz_Phy_PingPong.dir/Drivers/STM32WLxx_HAL_Driver/Src/stm32wlxx_hal_rcc.c.obj
 .text.LL_RCC_HSI_Enable
                0x08001e68       0x1c CMakeFiles/SubGHz_Phy_PingPong.dir/Drivers/STM32WLxx_HAL_Driver/Src/stm32wlxx_hal_rcc.c.obj
 .text.LL_RCC_HSI_Disable
                0x08001e84       0x1c CMakeFiles/SubGHz_Phy_PingPong.dir/Drivers/STM32WLxx_HAL_Driver/Src/stm32wlxx_hal_rcc.c.obj
 .text.LL_RCC_HSI_IsReady
                0x08001ea0       0x22 CMakeFiles/SubGHz_Phy_PingPong.dir/Drivers/STM32WLxx_HAL_Driver/Src/stm32wlxx_hal_rcc.c.obj
 .text.LL_RCC_HSI_SetCalibTrimming
                0x08001ec2       0x28 CMakeFiles/SubGHz_Phy_PingPong.dir/Drivers/STM32WLxx_HAL_Driver/Src/stm32wlxx_hal_rcc.c.obj
 .text.LL_RCC_LSE_IsReady
                0x08001eea       0x22 CMakeFiles/SubGHz_Phy_PingPong.dir/Drivers/STM32WLxx_HAL_Driver/Src/stm32wlxx_hal_rcc.c.obj
 .text.LL_RCC_LSI_Enable
                0x08001f0c       0x20 CMakeFiles/SubGHz_Phy_PingPong.dir/Drivers/STM32WLxx_HAL_Driver/Src/stm32wlxx_hal_rcc.c.obj
 .text.LL_RCC_LSI_Disable
                0x08001f2c       0x20 CMakeFiles/SubGHz_Phy_PingPong.dir/Drivers/STM32WLxx_HAL_Driver/Src/stm32wlxx_hal_rcc.c.obj
 .text.LL_RCC_LSI_IsReady
                0x08001f4c       0x22 CMakeFiles/SubGHz_Phy_PingPong.dir/Drivers/STM32WLxx_HAL_Driver/Src/stm32wlxx_hal_rcc.c.obj
 .text.LL_RCC_MSI_Enable
                0x08001f6e       0x1c CMakeFiles/SubGHz_Phy_PingPong.dir/Drivers/STM32WLxx_HAL_Driver/Src/stm32wlxx_hal_rcc.c.obj
 .text.LL_RCC_MSI_Disable
                0x08001f8a       0x1c CMakeFiles/SubGHz_Phy_PingPong.dir/Drivers/STM32WLxx_HAL_Driver/Src/stm32wlxx_hal_rcc.c.obj
 .text.LL_RCC_MSI_IsReady
                0x08001fa6       0x20 CMakeFiles/SubGHz_Phy_PingPong.dir/Drivers/STM32WLxx_HAL_Driver/Src/stm32wlxx_hal_rcc.c.obj
 .text.LL_RCC_MSI_IsEnabledRangeSelect
                0x08001fc6       0x20 CMakeFiles/SubGHz_Phy_PingPong.dir/Drivers/STM32WLxx_HAL_Driver/Src/stm32wlxx_hal_rcc.c.obj
 .text.LL_RCC_MSI_GetRange
                0x08001fe6       0x16 CMakeFiles/SubGHz_Phy_PingPong.dir/Drivers/STM32WLxx_HAL_Driver/Src/stm32wlxx_hal_rcc.c.obj
 .text.LL_RCC_MSI_GetRangeAfterStandby
                0x08001ffc       0x18 CMakeFiles/SubGHz_Phy_PingPong.dir/Drivers/STM32WLxx_HAL_Driver/Src/stm32wlxx_hal_rcc.c.obj
 .text.LL_RCC_MSI_SetCalibTrimming
                0x08002014       0x28 CMakeFiles/SubGHz_Phy_PingPong.dir/Drivers/STM32WLxx_HAL_Driver/Src/stm32wlxx_hal_rcc.c.obj
 .text.LL_RCC_SetSysClkSource
                0x0800203c       0x26 CMakeFiles/SubGHz_Phy_PingPong.dir/Drivers/STM32WLxx_HAL_Driver/Src/stm32wlxx_hal_rcc.c.obj
 .text.LL_RCC_GetSysClkSource
                0x08002062       0x16 CMakeFiles/SubGHz_Phy_PingPong.dir/Drivers/STM32WLxx_HAL_Driver/Src/stm32wlxx_hal_rcc.c.obj
 .text.LL_RCC_SetAHBPrescaler
                0x08002078       0x26 CMakeFiles/SubGHz_Phy_PingPong.dir/Drivers/STM32WLxx_HAL_Driver/Src/stm32wlxx_hal_rcc.c.obj
 .text.LL_C2_RCC_SetAHBPrescaler
                0x0800209e       0x2a CMakeFiles/SubGHz_Phy_PingPong.dir/Drivers/STM32WLxx_HAL_Driver/Src/stm32wlxx_hal_rcc.c.obj
 .text.LL_RCC_SetAHB3Prescaler
                0x080020c8       0x2c CMakeFiles/SubGHz_Phy_PingPong.dir/Drivers/STM32WLxx_HAL_Driver/Src/stm32wlxx_hal_rcc.c.obj
 .text.LL_RCC_SetAPB1Prescaler
                0x080020f4       0x26 CMakeFiles/SubGHz_Phy_PingPong.dir/Drivers/STM32WLxx_HAL_Driver/Src/stm32wlxx_hal_rcc.c.obj
 .text.LL_RCC_SetAPB2Prescaler
                0x0800211a       0x26 CMakeFiles/SubGHz_Phy_PingPong.dir/Drivers/STM32WLxx_HAL_Driver/Src/stm32wlxx_hal_rcc.c.obj
 .text.LL_RCC_GetAHBPrescaler
                0x08002140       0x16 CMakeFiles/SubGHz_Phy_PingPong.dir/Drivers/STM32WLxx_HAL_Driver/Src/stm32wlxx_hal_rcc.c.obj
 .text.LL_RCC_GetAHB3Prescaler
                0x08002156       0x1a CMakeFiles/SubGHz_Phy_PingPong.dir/Drivers/STM32WLxx_HAL_Driver/Src/stm32wlxx_hal_rcc.c.obj
 .text.LL_RCC_GetAPB1Prescaler
                0x08002170       0x16 CMakeFiles/SubGHz_Phy_PingPong.dir/Drivers/STM32WLxx_HAL_Driver/Src/stm32wlxx_hal_rcc.c.obj
 .text.LL_RCC_GetAPB2Prescaler
                0x08002186       0x16 CMakeFiles/SubGHz_Phy_PingPong.dir/Drivers/STM32WLxx_HAL_Driver/Src/stm32wlxx_hal_rcc.c.obj
 .text.LL_RCC_PLL_Enable
                0x0800219c       0x1c CMakeFiles/SubGHz_Phy_PingPong.dir/Drivers/STM32WLxx_HAL_Driver/Src/stm32wlxx_hal_rcc.c.obj
 .text.LL_RCC_PLL_Disable
                0x080021b8       0x1c CMakeFiles/SubGHz_Phy_PingPong.dir/Drivers/STM32WLxx_HAL_Driver/Src/stm32wlxx_hal_rcc.c.obj
 .text.LL_RCC_PLL_IsReady
                0x080021d4       0x22 CMakeFiles/SubGHz_Phy_PingPong.dir/Drivers/STM32WLxx_HAL_Driver/Src/stm32wlxx_hal_rcc.c.obj
 .text.LL_RCC_PLL_GetN
                0x080021f6       0x18 CMakeFiles/SubGHz_Phy_PingPong.dir/Drivers/STM32WLxx_HAL_Driver/Src/stm32wlxx_hal_rcc.c.obj
 .text.LL_RCC_PLL_GetR
                0x0800220e       0x16 CMakeFiles/SubGHz_Phy_PingPong.dir/Drivers/STM32WLxx_HAL_Driver/Src/stm32wlxx_hal_rcc.c.obj
 .text.LL_RCC_PLL_GetDivider
                0x08002224       0x16 CMakeFiles/SubGHz_Phy_PingPong.dir/Drivers/STM32WLxx_HAL_Driver/Src/stm32wlxx_hal_rcc.c.obj
 .text.LL_RCC_PLL_GetMainSource
                0x0800223a       0x16 CMakeFiles/SubGHz_Phy_PingPong.dir/Drivers/STM32WLxx_HAL_Driver/Src/stm32wlxx_hal_rcc.c.obj
 .text.LL_RCC_IsActiveFlag_HPRE
                0x08002250       0x22 CMakeFiles/SubGHz_Phy_PingPong.dir/Drivers/STM32WLxx_HAL_Driver/Src/stm32wlxx_hal_rcc.c.obj
 .text.LL_RCC_IsActiveFlag_C2HPRE
                0x08002272       0x24 CMakeFiles/SubGHz_Phy_PingPong.dir/Drivers/STM32WLxx_HAL_Driver/Src/stm32wlxx_hal_rcc.c.obj
 .text.LL_RCC_IsActiveFlag_SHDHPRE
                0x08002296       0x24 CMakeFiles/SubGHz_Phy_PingPong.dir/Drivers/STM32WLxx_HAL_Driver/Src/stm32wlxx_hal_rcc.c.obj
 .text.LL_RCC_IsActiveFlag_PPRE1
                0x080022ba       0x22 CMakeFiles/SubGHz_Phy_PingPong.dir/Drivers/STM32WLxx_HAL_Driver/Src/stm32wlxx_hal_rcc.c.obj
 .text.LL_RCC_IsActiveFlag_PPRE2
                0x080022dc       0x22 CMakeFiles/SubGHz_Phy_PingPong.dir/Drivers/STM32WLxx_HAL_Driver/Src/stm32wlxx_hal_rcc.c.obj
 *fill*         0x080022fe        0x2 
 .text.HAL_RCC_OscConfig
                0x08002300      0x704 CMakeFiles/SubGHz_Phy_PingPong.dir/Drivers/STM32WLxx_HAL_Driver/Src/stm32wlxx_hal_rcc.c.obj
                0x08002300                HAL_RCC_OscConfig
 .text.HAL_RCC_ClockConfig
                0x08002a04      0x284 CMakeFiles/SubGHz_Phy_PingPong.dir/Drivers/STM32WLxx_HAL_Driver/Src/stm32wlxx_hal_rcc.c.obj
                0x08002a04                HAL_RCC_ClockConfig
 .text.HAL_RCC_GetSysClockFreq
                0x08002c88      0x140 CMakeFiles/SubGHz_Phy_PingPong.dir/Drivers/STM32WLxx_HAL_Driver/Src/stm32wlxx_hal_rcc.c.obj
                0x08002c88                HAL_RCC_GetSysClockFreq
 .text.HAL_RCC_GetHCLKFreq
                0x08002dc8       0x28 CMakeFiles/SubGHz_Phy_PingPong.dir/Drivers/STM32WLxx_HAL_Driver/Src/stm32wlxx_hal_rcc.c.obj
                0x08002dc8                HAL_RCC_GetHCLKFreq
 .text.HAL_RCC_GetPCLK1Freq
                0x08002df0       0x24 CMakeFiles/SubGHz_Phy_PingPong.dir/Drivers/STM32WLxx_HAL_Driver/Src/stm32wlxx_hal_rcc.c.obj
                0x08002df0                HAL_RCC_GetPCLK1Freq
 .text.HAL_RCC_GetPCLK2Freq
                0x08002e14       0x24 CMakeFiles/SubGHz_Phy_PingPong.dir/Drivers/STM32WLxx_HAL_Driver/Src/stm32wlxx_hal_rcc.c.obj
                0x08002e14                HAL_RCC_GetPCLK2Freq
 .text.RCC_SetFlashLatencyFromMSIRange
                0x08002e38       0x60 CMakeFiles/SubGHz_Phy_PingPong.dir/Drivers/STM32WLxx_HAL_Driver/Src/stm32wlxx_hal_rcc.c.obj
 .text.RCC_SetFlashLatency
                0x08002e98      0x104 CMakeFiles/SubGHz_Phy_PingPong.dir/Drivers/STM32WLxx_HAL_Driver/Src/stm32wlxx_hal_rcc.c.obj
 .text.LL_RCC_LSE_IsReady
                0x08002f9c       0x22 CMakeFiles/SubGHz_Phy_PingPong.dir/Drivers/STM32WLxx_HAL_Driver/Src/stm32wlxx_hal_rcc_ex.c.obj
 .text.LL_RCC_SetUSARTClockSource
                0x08002fbe       0x30 CMakeFiles/SubGHz_Phy_PingPong.dir/Drivers/STM32WLxx_HAL_Driver/Src/stm32wlxx_hal_rcc_ex.c.obj
 .text.LL_RCC_SetI2SClockSource
                0x08002fee       0x2a CMakeFiles/SubGHz_Phy_PingPong.dir/Drivers/STM32WLxx_HAL_Driver/Src/stm32wlxx_hal_rcc_ex.c.obj
 .text.LL_RCC_SetLPUARTClockSource
                0x08003018       0x2a CMakeFiles/SubGHz_Phy_PingPong.dir/Drivers/STM32WLxx_HAL_Driver/Src/stm32wlxx_hal_rcc_ex.c.obj
 .text.LL_RCC_SetI2CClockSource
                0x08003042       0x38 CMakeFiles/SubGHz_Phy_PingPong.dir/Drivers/STM32WLxx_HAL_Driver/Src/stm32wlxx_hal_rcc_ex.c.obj
 .text.LL_RCC_SetLPTIMClockSource
                0x0800307a       0x32 CMakeFiles/SubGHz_Phy_PingPong.dir/Drivers/STM32WLxx_HAL_Driver/Src/stm32wlxx_hal_rcc_ex.c.obj
 .text.LL_RCC_SetRNGClockSource
                0x080030ac       0x2a CMakeFiles/SubGHz_Phy_PingPong.dir/Drivers/STM32WLxx_HAL_Driver/Src/stm32wlxx_hal_rcc_ex.c.obj
 .text.LL_RCC_SetADCClockSource
                0x080030d6       0x2a CMakeFiles/SubGHz_Phy_PingPong.dir/Drivers/STM32WLxx_HAL_Driver/Src/stm32wlxx_hal_rcc_ex.c.obj
 .text.LL_RCC_SetRTCClockSource
                0x08003100       0x2a CMakeFiles/SubGHz_Phy_PingPong.dir/Drivers/STM32WLxx_HAL_Driver/Src/stm32wlxx_hal_rcc_ex.c.obj
 .text.LL_RCC_GetRTCClockSource
                0x0800312a       0x18 CMakeFiles/SubGHz_Phy_PingPong.dir/Drivers/STM32WLxx_HAL_Driver/Src/stm32wlxx_hal_rcc_ex.c.obj
 .text.LL_RCC_ForceBackupDomainReset
                0x08003142       0x20 CMakeFiles/SubGHz_Phy_PingPong.dir/Drivers/STM32WLxx_HAL_Driver/Src/stm32wlxx_hal_rcc_ex.c.obj
 .text.LL_RCC_ReleaseBackupDomainReset
                0x08003162       0x20 CMakeFiles/SubGHz_Phy_PingPong.dir/Drivers/STM32WLxx_HAL_Driver/Src/stm32wlxx_hal_rcc_ex.c.obj
 *fill*         0x08003182        0x2 
 .text.HAL_RCCEx_PeriphCLKConfig
                0x08003184      0x234 CMakeFiles/SubGHz_Phy_PingPong.dir/Drivers/STM32WLxx_HAL_Driver/Src/stm32wlxx_hal_rcc_ex.c.obj
                0x08003184                HAL_RCCEx_PeriphCLKConfig
 .text.HAL_GPIO_Init
                0x080033b8      0x2c0 CMakeFiles/SubGHz_Phy_PingPong.dir/Drivers/STM32WLxx_HAL_Driver/Src/stm32wlxx_hal_gpio.c.obj
                0x080033b8                HAL_GPIO_Init
 .text.HAL_GPIO_DeInit
                0x08003678      0x19c CMakeFiles/SubGHz_Phy_PingPong.dir/Drivers/STM32WLxx_HAL_Driver/Src/stm32wlxx_hal_gpio.c.obj
                0x08003678                HAL_GPIO_DeInit
 .text.HAL_GPIO_WritePin
                0x08003814       0x2e CMakeFiles/SubGHz_Phy_PingPong.dir/Drivers/STM32WLxx_HAL_Driver/Src/stm32wlxx_hal_gpio.c.obj
                0x08003814                HAL_GPIO_WritePin
 .text.HAL_GPIO_TogglePin
                0x08003842       0x32 CMakeFiles/SubGHz_Phy_PingPong.dir/Drivers/STM32WLxx_HAL_Driver/Src/stm32wlxx_hal_gpio.c.obj
                0x08003842                HAL_GPIO_TogglePin
 .text.HAL_DMA_Init
                0x08003874      0x150 CMakeFiles/SubGHz_Phy_PingPong.dir/Drivers/STM32WLxx_HAL_Driver/Src/stm32wlxx_hal_dma.c.obj
                0x08003874                HAL_DMA_Init
 .text.HAL_DMA_DeInit
                0x080039c4      0x12c CMakeFiles/SubGHz_Phy_PingPong.dir/Drivers/STM32WLxx_HAL_Driver/Src/stm32wlxx_hal_dma.c.obj
                0x080039c4                HAL_DMA_DeInit
 .text.HAL_DMA_Start_IT
                0x08003af0       0xfc CMakeFiles/SubGHz_Phy_PingPong.dir/Drivers/STM32WLxx_HAL_Driver/Src/stm32wlxx_hal_dma.c.obj
                0x08003af0                HAL_DMA_Start_IT
 .text.HAL_DMA_Abort
                0x08003bec       0xbc CMakeFiles/SubGHz_Phy_PingPong.dir/Drivers/STM32WLxx_HAL_Driver/Src/stm32wlxx_hal_dma.c.obj
                0x08003bec                HAL_DMA_Abort
 .text.HAL_DMA_Abort_IT
                0x08003ca8       0xbe CMakeFiles/SubGHz_Phy_PingPong.dir/Drivers/STM32WLxx_HAL_Driver/Src/stm32wlxx_hal_dma.c.obj
                0x08003ca8                HAL_DMA_Abort_IT
 *fill*         0x08003d66        0x2 
 .text.HAL_DMA_IRQHandler
                0x08003d68      0x18c CMakeFiles/SubGHz_Phy_PingPong.dir/Drivers/STM32WLxx_HAL_Driver/Src/stm32wlxx_hal_dma.c.obj
                0x08003d68                HAL_DMA_IRQHandler
 .text.HAL_DMA_ConfigChannelAttributes
                0x08003ef4       0x5e CMakeFiles/SubGHz_Phy_PingPong.dir/Drivers/STM32WLxx_HAL_Driver/Src/stm32wlxx_hal_dma.c.obj
                0x08003ef4                HAL_DMA_ConfigChannelAttributes
 .text.DMA_SetConfig
                0x08003f52       0x7a CMakeFiles/SubGHz_Phy_PingPong.dir/Drivers/STM32WLxx_HAL_Driver/Src/stm32wlxx_hal_dma.c.obj
 .text.DMA_CalcDMAMUXChannelBaseAndMask
                0x08003fcc       0x90 CMakeFiles/SubGHz_Phy_PingPong.dir/Drivers/STM32WLxx_HAL_Driver/Src/stm32wlxx_hal_dma.c.obj
 .text.DMA_CalcDMAMUXRequestGenBaseAndMask
                0x0800405c       0x48 CMakeFiles/SubGHz_Phy_PingPong.dir/Drivers/STM32WLxx_HAL_Driver/Src/stm32wlxx_hal_dma.c.obj
 .text.HAL_PWR_EnableBkUpAccess
                0x080040a4       0x1c CMakeFiles/SubGHz_Phy_PingPong.dir/Drivers/STM32WLxx_HAL_Driver/Src/stm32wlxx_hal_pwr.c.obj
                0x080040a4                HAL_PWR_EnableBkUpAccess
 .text.HAL_PWR_EnterSLEEPMode
                0x080040c0       0x68 CMakeFiles/SubGHz_Phy_PingPong.dir/Drivers/STM32WLxx_HAL_Driver/Src/stm32wlxx_hal_pwr.c.obj
                0x080040c0                HAL_PWR_EnterSLEEPMode
 .text.HAL_PWREx_GetVoltageRange
                0x08004128       0x18 CMakeFiles/SubGHz_Phy_PingPong.dir/Drivers/STM32WLxx_HAL_Driver/Src/stm32wlxx_hal_pwr_ex.c.obj
                0x08004128                HAL_PWREx_GetVoltageRange
 .text.HAL_PWREx_EnableLowPowerRunMode
                0x08004140       0x1c CMakeFiles/SubGHz_Phy_PingPong.dir/Drivers/STM32WLxx_HAL_Driver/Src/stm32wlxx_hal_pwr_ex.c.obj
                0x08004140                HAL_PWREx_EnableLowPowerRunMode
 .text.HAL_PWREx_DisableLowPowerRunMode
                0x0800415c       0x6c CMakeFiles/SubGHz_Phy_PingPong.dir/Drivers/STM32WLxx_HAL_Driver/Src/stm32wlxx_hal_pwr_ex.c.obj
                0x0800415c                HAL_PWREx_DisableLowPowerRunMode
 .text.HAL_PWREx_EnterSTOP2Mode
                0x080041c8       0x54 CMakeFiles/SubGHz_Phy_PingPong.dir/Drivers/STM32WLxx_HAL_Driver/Src/stm32wlxx_hal_pwr_ex.c.obj
                0x080041c8                HAL_PWREx_EnterSTOP2Mode
 .text.__NVIC_SetPriorityGrouping
                0x0800421c       0x48 CMakeFiles/SubGHz_Phy_PingPong.dir/Drivers/STM32WLxx_HAL_Driver/Src/stm32wlxx_hal_cortex.c.obj
 .text.__NVIC_GetPriorityGrouping
                0x08004264       0x1c CMakeFiles/SubGHz_Phy_PingPong.dir/Drivers/STM32WLxx_HAL_Driver/Src/stm32wlxx_hal_cortex.c.obj
 .text.__NVIC_EnableIRQ
                0x08004280       0x38 CMakeFiles/SubGHz_Phy_PingPong.dir/Drivers/STM32WLxx_HAL_Driver/Src/stm32wlxx_hal_cortex.c.obj
 .text.__NVIC_DisableIRQ
                0x080042b8       0x48 CMakeFiles/SubGHz_Phy_PingPong.dir/Drivers/STM32WLxx_HAL_Driver/Src/stm32wlxx_hal_cortex.c.obj
 .text.__NVIC_SetPriority
                0x08004300       0x54 CMakeFiles/SubGHz_Phy_PingPong.dir/Drivers/STM32WLxx_HAL_Driver/Src/stm32wlxx_hal_cortex.c.obj
 .text.NVIC_EncodePriority
                0x08004354       0x64 CMakeFiles/SubGHz_Phy_PingPong.dir/Drivers/STM32WLxx_HAL_Driver/Src/stm32wlxx_hal_cortex.c.obj
 .text.HAL_NVIC_SetPriorityGrouping
                0x080043b8       0x16 CMakeFiles/SubGHz_Phy_PingPong.dir/Drivers/STM32WLxx_HAL_Driver/Src/stm32wlxx_hal_cortex.c.obj
                0x080043b8                HAL_NVIC_SetPriorityGrouping
 .text.HAL_NVIC_SetPriority
                0x080043ce       0x34 CMakeFiles/SubGHz_Phy_PingPong.dir/Drivers/STM32WLxx_HAL_Driver/Src/stm32wlxx_hal_cortex.c.obj
                0x080043ce                HAL_NVIC_SetPriority
 .text.HAL_NVIC_EnableIRQ
                0x08004402       0x1c CMakeFiles/SubGHz_Phy_PingPong.dir/Drivers/STM32WLxx_HAL_Driver/Src/stm32wlxx_hal_cortex.c.obj
                0x08004402                HAL_NVIC_EnableIRQ
 .text.HAL_NVIC_DisableIRQ
                0x0800441e       0x1c CMakeFiles/SubGHz_Phy_PingPong.dir/Drivers/STM32WLxx_HAL_Driver/Src/stm32wlxx_hal_cortex.c.obj
                0x0800441e                HAL_NVIC_DisableIRQ
 *fill*         0x0800443a        0x2 
 .text.LL_DBGMCU_DisableDBGSleepMode
                0x0800443c       0x1c CMakeFiles/SubGHz_Phy_PingPong.dir/Drivers/STM32WLxx_HAL_Driver/Src/stm32wlxx_hal.c.obj
 .text.LL_DBGMCU_DisableDBGStopMode
                0x08004458       0x1c CMakeFiles/SubGHz_Phy_PingPong.dir/Drivers/STM32WLxx_HAL_Driver/Src/stm32wlxx_hal.c.obj
 .text.LL_DBGMCU_DisableDBGStandbyMode
                0x08004474       0x1c CMakeFiles/SubGHz_Phy_PingPong.dir/Drivers/STM32WLxx_HAL_Driver/Src/stm32wlxx_hal.c.obj
 .text.HAL_Init
                0x08004490       0x40 CMakeFiles/SubGHz_Phy_PingPong.dir/Drivers/STM32WLxx_HAL_Driver/Src/stm32wlxx_hal.c.obj
                0x08004490                HAL_Init
 .text.HAL_SuspendTick
                0x080044d0       0x1c CMakeFiles/SubGHz_Phy_PingPong.dir/Drivers/STM32WLxx_HAL_Driver/Src/stm32wlxx_hal.c.obj
                0x080044d0                HAL_SuspendTick
 .text.HAL_ResumeTick
                0x080044ec       0x1c CMakeFiles/SubGHz_Phy_PingPong.dir/Drivers/STM32WLxx_HAL_Driver/Src/stm32wlxx_hal.c.obj
                0x080044ec                HAL_ResumeTick
 .text.HAL_DBGMCU_DisableDBGSleepMode
                0x08004508        0xc CMakeFiles/SubGHz_Phy_PingPong.dir/Drivers/STM32WLxx_HAL_Driver/Src/stm32wlxx_hal.c.obj
                0x08004508                HAL_DBGMCU_DisableDBGSleepMode
 .text.HAL_DBGMCU_DisableDBGStopMode
                0x08004514        0xc CMakeFiles/SubGHz_Phy_PingPong.dir/Drivers/STM32WLxx_HAL_Driver/Src/stm32wlxx_hal.c.obj
                0x08004514                HAL_DBGMCU_DisableDBGStopMode
 .text.HAL_DBGMCU_DisableDBGStandbyMode
                0x08004520        0xc CMakeFiles/SubGHz_Phy_PingPong.dir/Drivers/STM32WLxx_HAL_Driver/Src/stm32wlxx_hal.c.obj
                0x08004520                HAL_DBGMCU_DisableDBGStandbyMode
 .text.HAL_RTC_Init
                0x0800452c      0x104 CMakeFiles/SubGHz_Phy_PingPong.dir/Drivers/STM32WLxx_HAL_Driver/Src/stm32wlxx_hal_rtc.c.obj
                0x0800452c                HAL_RTC_Init
 .text.HAL_RTC_SetAlarm_IT
                0x08004630      0x218 CMakeFiles/SubGHz_Phy_PingPong.dir/Drivers/STM32WLxx_HAL_Driver/Src/stm32wlxx_hal_rtc.c.obj
                0x08004630                HAL_RTC_SetAlarm_IT
 .text.HAL_RTC_DeactivateAlarm
                0x08004848       0xb8 CMakeFiles/SubGHz_Phy_PingPong.dir/Drivers/STM32WLxx_HAL_Driver/Src/stm32wlxx_hal_rtc.c.obj
                0x08004848                HAL_RTC_DeactivateAlarm
 .text.HAL_RTC_AlarmIRQHandler
                0x08004900       0x54 CMakeFiles/SubGHz_Phy_PingPong.dir/Drivers/STM32WLxx_HAL_Driver/Src/stm32wlxx_hal_rtc.c.obj
                0x08004900                HAL_RTC_AlarmIRQHandler
 .text.HAL_RTC_WaitForSynchro
                0x08004954       0x4c CMakeFiles/SubGHz_Phy_PingPong.dir/Drivers/STM32WLxx_HAL_Driver/Src/stm32wlxx_hal_rtc.c.obj
                0x08004954                HAL_RTC_WaitForSynchro
 .text.RTC_EnterInitMode
                0x080049a0       0x68 CMakeFiles/SubGHz_Phy_PingPong.dir/Drivers/STM32WLxx_HAL_Driver/Src/stm32wlxx_hal_rtc.c.obj
                0x080049a0                RTC_EnterInitMode
 .text.RTC_ExitInitMode
                0x08004a08       0x7c CMakeFiles/SubGHz_Phy_PingPong.dir/Drivers/STM32WLxx_HAL_Driver/Src/stm32wlxx_hal_rtc.c.obj
                0x08004a08                RTC_ExitInitMode
 .text.RTC_ByteToBcd2
                0x08004a84       0x3e CMakeFiles/SubGHz_Phy_PingPong.dir/Drivers/STM32WLxx_HAL_Driver/Src/stm32wlxx_hal_rtc.c.obj
                0x08004a84                RTC_ByteToBcd2
 *fill*         0x08004ac2        0x2 
 .text.HAL_RTCEx_EnableBypassShadow
                0x08004ac4       0x64 CMakeFiles/SubGHz_Phy_PingPong.dir/Drivers/STM32WLxx_HAL_Driver/Src/stm32wlxx_hal_rtc_ex.c.obj
                0x08004ac4                HAL_RTCEx_EnableBypassShadow
 .text.HAL_RTCEx_SetSSRU_IT
                0x08004b28       0x78 CMakeFiles/SubGHz_Phy_PingPong.dir/Drivers/STM32WLxx_HAL_Driver/Src/stm32wlxx_hal_rtc_ex.c.obj
                0x08004b28                HAL_RTCEx_SetSSRU_IT
 .text.HAL_RTCEx_SSRUIRQHandler
                0x08004ba0       0x34 CMakeFiles/SubGHz_Phy_PingPong.dir/Drivers/STM32WLxx_HAL_Driver/Src/stm32wlxx_hal_rtc_ex.c.obj
                0x08004ba0                HAL_RTCEx_SSRUIRQHandler
 .text.HAL_RTCEx_AlarmBEventCallback
                0x08004bd4       0x12 CMakeFiles/SubGHz_Phy_PingPong.dir/Drivers/STM32WLxx_HAL_Driver/Src/stm32wlxx_hal_rtc_ex.c.obj
                0x08004bd4                HAL_RTCEx_AlarmBEventCallback
 *fill*         0x08004be6        0x2 
 .text.HAL_RTCEx_BKUPWrite
                0x08004be8       0x30 CMakeFiles/SubGHz_Phy_PingPong.dir/Drivers/STM32WLxx_HAL_Driver/Src/stm32wlxx_hal_rtc_ex.c.obj
                0x08004be8                HAL_RTCEx_BKUPWrite
 .text.HAL_RTCEx_BKUPRead
                0x08004c18       0x2c CMakeFiles/SubGHz_Phy_PingPong.dir/Drivers/STM32WLxx_HAL_Driver/Src/stm32wlxx_hal_rtc_ex.c.obj
                0x08004c18                HAL_RTCEx_BKUPRead
 .text.LL_PWR_SetRadioBusyTrigger
                0x08004c44       0x28 CMakeFiles/SubGHz_Phy_PingPong.dir/Drivers/STM32WLxx_HAL_Driver/Src/stm32wlxx_hal_subghz.c.obj
 .text.LL_PWR_UnselectSUBGHZSPI_NSS
                0x08004c6c       0x20 CMakeFiles/SubGHz_Phy_PingPong.dir/Drivers/STM32WLxx_HAL_Driver/Src/stm32wlxx_hal_subghz.c.obj
 .text.LL_PWR_SelectSUBGHZSPI_NSS
                0x08004c8c       0x20 CMakeFiles/SubGHz_Phy_PingPong.dir/Drivers/STM32WLxx_HAL_Driver/Src/stm32wlxx_hal_subghz.c.obj
 .text.LL_PWR_ClearFlag_RFBUSY
                0x08004cac       0x18 CMakeFiles/SubGHz_Phy_PingPong.dir/Drivers/STM32WLxx_HAL_Driver/Src/stm32wlxx_hal_subghz.c.obj
 .text.LL_PWR_IsActiveFlag_RFBUSYS
                0x08004cc4       0x24 CMakeFiles/SubGHz_Phy_PingPong.dir/Drivers/STM32WLxx_HAL_Driver/Src/stm32wlxx_hal_subghz.c.obj
 .text.LL_PWR_IsActiveFlag_RFBUSYMS
                0x08004ce8       0x24 CMakeFiles/SubGHz_Phy_PingPong.dir/Drivers/STM32WLxx_HAL_Driver/Src/stm32wlxx_hal_subghz.c.obj
 .text.LL_RCC_RF_DisableReset
                0x08004d0c       0x20 CMakeFiles/SubGHz_Phy_PingPong.dir/Drivers/STM32WLxx_HAL_Driver/Src/stm32wlxx_hal_subghz.c.obj
 .text.LL_RCC_IsRFUnderReset
                0x08004d2c       0x24 CMakeFiles/SubGHz_Phy_PingPong.dir/Drivers/STM32WLxx_HAL_Driver/Src/stm32wlxx_hal_subghz.c.obj
 .text.LL_EXTI_EnableIT_32_63
                0x08004d50       0x28 CMakeFiles/SubGHz_Phy_PingPong.dir/Drivers/STM32WLxx_HAL_Driver/Src/stm32wlxx_hal_subghz.c.obj
 .text.HAL_SUBGHZ_Init
                0x08004d78       0xc8 CMakeFiles/SubGHz_Phy_PingPong.dir/Drivers/STM32WLxx_HAL_Driver/Src/stm32wlxx_hal_subghz.c.obj
                0x08004d78                HAL_SUBGHZ_Init
 .text.HAL_SUBGHZ_WriteRegisters
                0x08004e40       0xbe CMakeFiles/SubGHz_Phy_PingPong.dir/Drivers/STM32WLxx_HAL_Driver/Src/stm32wlxx_hal_subghz.c.obj
                0x08004e40                HAL_SUBGHZ_WriteRegisters
 .text.HAL_SUBGHZ_ReadRegisters
                0x08004efe       0xc2 CMakeFiles/SubGHz_Phy_PingPong.dir/Drivers/STM32WLxx_HAL_Driver/Src/stm32wlxx_hal_subghz.c.obj
                0x08004efe                HAL_SUBGHZ_ReadRegisters
 .text.HAL_SUBGHZ_ExecSetCmd
                0x08004fc0       0xbe CMakeFiles/SubGHz_Phy_PingPong.dir/Drivers/STM32WLxx_HAL_Driver/Src/stm32wlxx_hal_subghz.c.obj
                0x08004fc0                HAL_SUBGHZ_ExecSetCmd
 .text.HAL_SUBGHZ_ExecGetCmd
                0x0800507e       0xa8 CMakeFiles/SubGHz_Phy_PingPong.dir/Drivers/STM32WLxx_HAL_Driver/Src/stm32wlxx_hal_subghz.c.obj
                0x0800507e                HAL_SUBGHZ_ExecGetCmd
 .text.HAL_SUBGHZ_WriteBuffer
                0x08005126       0xa6 CMakeFiles/SubGHz_Phy_PingPong.dir/Drivers/STM32WLxx_HAL_Driver/Src/stm32wlxx_hal_subghz.c.obj
                0x08005126                HAL_SUBGHZ_WriteBuffer
 .text.HAL_SUBGHZ_ReadBuffer
                0x080051cc       0xb0 CMakeFiles/SubGHz_Phy_PingPong.dir/Drivers/STM32WLxx_HAL_Driver/Src/stm32wlxx_hal_subghz.c.obj
                0x080051cc                HAL_SUBGHZ_ReadBuffer
 .text.HAL_SUBGHZ_IRQHandler
                0x0800527c       0xfa CMakeFiles/SubGHz_Phy_PingPong.dir/Drivers/STM32WLxx_HAL_Driver/Src/stm32wlxx_hal_subghz.c.obj
                0x0800527c                HAL_SUBGHZ_IRQHandler
 *fill*         0x08005376        0x2 
 .text.SUBGHZSPI_Init
                0x08005378       0x40 CMakeFiles/SubGHz_Phy_PingPong.dir/Drivers/STM32WLxx_HAL_Driver/Src/stm32wlxx_hal_subghz.c.obj
                0x08005378                SUBGHZSPI_Init
 .text.SUBGHZSPI_Transmit
                0x080053b8       0xac CMakeFiles/SubGHz_Phy_PingPong.dir/Drivers/STM32WLxx_HAL_Driver/Src/stm32wlxx_hal_subghz.c.obj
                0x080053b8                SUBGHZSPI_Transmit
 .text.SUBGHZSPI_Receive
                0x08005464       0xb0 CMakeFiles/SubGHz_Phy_PingPong.dir/Drivers/STM32WLxx_HAL_Driver/Src/stm32wlxx_hal_subghz.c.obj
                0x08005464                SUBGHZSPI_Receive
 .text.SUBGHZ_CheckDeviceReady
                0x08005514       0x48 CMakeFiles/SubGHz_Phy_PingPong.dir/Drivers/STM32WLxx_HAL_Driver/Src/stm32wlxx_hal_subghz.c.obj
                0x08005514                SUBGHZ_CheckDeviceReady
 .text.SUBGHZ_WaitOnBusy
                0x0800555c       0x5c CMakeFiles/SubGHz_Phy_PingPong.dir/Drivers/STM32WLxx_HAL_Driver/Src/stm32wlxx_hal_subghz.c.obj
                0x0800555c                SUBGHZ_WaitOnBusy
 .text.LL_RCC_GetUSARTClockSource
                0x080055b8       0x24 CMakeFiles/SubGHz_Phy_PingPong.dir/Drivers/STM32WLxx_HAL_Driver/Src/stm32wlxx_hal_uart.c.obj
 .text.LL_RCC_GetLPUARTClockSource
                0x080055dc       0x1e CMakeFiles/SubGHz_Phy_PingPong.dir/Drivers/STM32WLxx_HAL_Driver/Src/stm32wlxx_hal_uart.c.obj
 .text.HAL_UART_Init
                0x080055fa       0xa0 CMakeFiles/SubGHz_Phy_PingPong.dir/Drivers/STM32WLxx_HAL_Driver/Src/stm32wlxx_hal_uart.c.obj
                0x080055fa                HAL_UART_Init
 *fill*         0x0800569a        0x2 
 .text.HAL_UART_Receive_IT
                0x0800569c       0x98 CMakeFiles/SubGHz_Phy_PingPong.dir/Drivers/STM32WLxx_HAL_Driver/Src/stm32wlxx_hal_uart.c.obj
                0x0800569c                HAL_UART_Receive_IT
 .text.HAL_UART_Transmit_DMA
                0x08005734      0x100 CMakeFiles/SubGHz_Phy_PingPong.dir/Drivers/STM32WLxx_HAL_Driver/Src/stm32wlxx_hal_uart.c.obj
                0x08005734                HAL_UART_Transmit_DMA
 .text.HAL_UART_IRQHandler
                0x08005834      0x648 CMakeFiles/SubGHz_Phy_PingPong.dir/Drivers/STM32WLxx_HAL_Driver/Src/stm32wlxx_hal_uart.c.obj
                0x08005834                HAL_UART_IRQHandler
 .text.HAL_UART_TxHalfCpltCallback
                0x08005e7c       0x12 CMakeFiles/SubGHz_Phy_PingPong.dir/Drivers/STM32WLxx_HAL_Driver/Src/stm32wlxx_hal_uart.c.obj
                0x08005e7c                HAL_UART_TxHalfCpltCallback
 .text.HAL_UART_ErrorCallback
                0x08005e8e       0x12 CMakeFiles/SubGHz_Phy_PingPong.dir/Drivers/STM32WLxx_HAL_Driver/Src/stm32wlxx_hal_uart.c.obj
                0x08005e8e                HAL_UART_ErrorCallback
 .text.HAL_UARTEx_RxEventCallback
                0x08005ea0       0x16 CMakeFiles/SubGHz_Phy_PingPong.dir/Drivers/STM32WLxx_HAL_Driver/Src/stm32wlxx_hal_uart.c.obj
                0x08005ea0                HAL_UARTEx_RxEventCallback
 *fill*         0x08005eb6        0x2 
 .text.UART_SetConfig
                0x08005eb8      0x4e8 CMakeFiles/SubGHz_Phy_PingPong.dir/Drivers/STM32WLxx_HAL_Driver/Src/stm32wlxx_hal_uart.c.obj
                0x08005eb8                UART_SetConfig
 .text.UART_AdvFeatureConfig
                0x080063a0      0x142 CMakeFiles/SubGHz_Phy_PingPong.dir/Drivers/STM32WLxx_HAL_Driver/Src/stm32wlxx_hal_uart.c.obj
                0x080063a0                UART_AdvFeatureConfig
 .text.UART_CheckIdleState
                0x080064e2       0x9c CMakeFiles/SubGHz_Phy_PingPong.dir/Drivers/STM32WLxx_HAL_Driver/Src/stm32wlxx_hal_uart.c.obj
                0x080064e2                UART_CheckIdleState
 .text.UART_WaitOnFlagUntilTimeout
                0x0800657e      0x190 CMakeFiles/SubGHz_Phy_PingPong.dir/Drivers/STM32WLxx_HAL_Driver/Src/stm32wlxx_hal_uart.c.obj
                0x0800657e                UART_WaitOnFlagUntilTimeout
 *fill*         0x0800670e        0x2 
 .text.UART_Start_Receive_IT
                0x08006710      0x240 CMakeFiles/SubGHz_Phy_PingPong.dir/Drivers/STM32WLxx_HAL_Driver/Src/stm32wlxx_hal_uart.c.obj
                0x08006710                UART_Start_Receive_IT
 .text.UART_EndTxTransfer
                0x08006950       0x80 CMakeFiles/SubGHz_Phy_PingPong.dir/Drivers/STM32WLxx_HAL_Driver/Src/stm32wlxx_hal_uart.c.obj
 .text.UART_EndRxTransfer
                0x080069d0       0xca CMakeFiles/SubGHz_Phy_PingPong.dir/Drivers/STM32WLxx_HAL_Driver/Src/stm32wlxx_hal_uart.c.obj
 .text.UART_DMATransmitCplt
                0x08006a9a       0x9a CMakeFiles/SubGHz_Phy_PingPong.dir/Drivers/STM32WLxx_HAL_Driver/Src/stm32wlxx_hal_uart.c.obj
 .text.UART_DMATxHalfCplt
                0x08006b34       0x1c CMakeFiles/SubGHz_Phy_PingPong.dir/Drivers/STM32WLxx_HAL_Driver/Src/stm32wlxx_hal_uart.c.obj
 .text.UART_DMAError
                0x08006b50       0x80 CMakeFiles/SubGHz_Phy_PingPong.dir/Drivers/STM32WLxx_HAL_Driver/Src/stm32wlxx_hal_uart.c.obj
 .text.UART_DMAAbortOnError
                0x08006bd0       0x2c CMakeFiles/SubGHz_Phy_PingPong.dir/Drivers/STM32WLxx_HAL_Driver/Src/stm32wlxx_hal_uart.c.obj
 .text.UART_EndTransmit_IT
                0x08006bfc       0x56 CMakeFiles/SubGHz_Phy_PingPong.dir/Drivers/STM32WLxx_HAL_Driver/Src/stm32wlxx_hal_uart.c.obj
 *fill*         0x08006c52        0x2 
 .text.UART_RxISR_8BIT
                0x08006c54      0x1b8 CMakeFiles/SubGHz_Phy_PingPong.dir/Drivers/STM32WLxx_HAL_Driver/Src/stm32wlxx_hal_uart.c.obj
 .text.UART_RxISR_16BIT
                0x08006e0c      0x1b8 CMakeFiles/SubGHz_Phy_PingPong.dir/Drivers/STM32WLxx_HAL_Driver/Src/stm32wlxx_hal_uart.c.obj
 .text.UART_RxISR_8BIT_FIFOEN
                0x08006fc4      0x360 CMakeFiles/SubGHz_Phy_PingPong.dir/Drivers/STM32WLxx_HAL_Driver/Src/stm32wlxx_hal_uart.c.obj
 .text.UART_RxISR_16BIT_FIFOEN
                0x08007324      0x368 CMakeFiles/SubGHz_Phy_PingPong.dir/Drivers/STM32WLxx_HAL_Driver/Src/stm32wlxx_hal_uart.c.obj
 .text.HAL_UARTEx_WakeupCallback
                0x0800768c       0x12 CMakeFiles/SubGHz_Phy_PingPong.dir/Drivers/STM32WLxx_HAL_Driver/Src/stm32wlxx_hal_uart_ex.c.obj
                0x0800768c                HAL_UARTEx_WakeupCallback
 .text.HAL_UARTEx_RxFifoFullCallback
                0x0800769e       0x12 CMakeFiles/SubGHz_Phy_PingPong.dir/Drivers/STM32WLxx_HAL_Driver/Src/stm32wlxx_hal_uart_ex.c.obj
                0x0800769e                HAL_UARTEx_RxFifoFullCallback
 .text.HAL_UARTEx_TxFifoEmptyCallback
                0x080076b0       0x12 CMakeFiles/SubGHz_Phy_PingPong.dir/Drivers/STM32WLxx_HAL_Driver/Src/stm32wlxx_hal_uart_ex.c.obj
                0x080076b0                HAL_UARTEx_TxFifoEmptyCallback
 .text.HAL_UARTEx_StopModeWakeUpSourceConfig
                0x080076c2       0xb6 CMakeFiles/SubGHz_Phy_PingPong.dir/Drivers/STM32WLxx_HAL_Driver/Src/stm32wlxx_hal_uart_ex.c.obj
                0x080076c2                HAL_UARTEx_StopModeWakeUpSourceConfig
 .text.HAL_UARTEx_EnableStopMode
                0x08007778       0x64 CMakeFiles/SubGHz_Phy_PingPong.dir/Drivers/STM32WLxx_HAL_Driver/Src/stm32wlxx_hal_uart_ex.c.obj
                0x08007778                HAL_UARTEx_EnableStopMode
 .text.HAL_UARTEx_EnableFifoMode
                0x080077dc       0x76 CMakeFiles/SubGHz_Phy_PingPong.dir/Drivers/STM32WLxx_HAL_Driver/Src/stm32wlxx_hal_uart_ex.c.obj
                0x080077dc                HAL_UARTEx_EnableFifoMode
 .text.HAL_UARTEx_SetTxFifoThreshold
                0x08007852       0x7c CMakeFiles/SubGHz_Phy_PingPong.dir/Drivers/STM32WLxx_HAL_Driver/Src/stm32wlxx_hal_uart_ex.c.obj
                0x08007852                HAL_UARTEx_SetTxFifoThreshold
 .text.HAL_UARTEx_SetRxFifoThreshold
                0x080078ce       0x7c CMakeFiles/SubGHz_Phy_PingPong.dir/Drivers/STM32WLxx_HAL_Driver/Src/stm32wlxx_hal_uart_ex.c.obj
                0x080078ce                HAL_UARTEx_SetRxFifoThreshold
 .text.UARTEx_Wakeup_AddressConfig
                0x0800794a       0x44 CMakeFiles/SubGHz_Phy_PingPong.dir/Drivers/STM32WLxx_HAL_Driver/Src/stm32wlxx_hal_uart_ex.c.obj
 *fill*         0x0800798e        0x2 
 .text.UARTEx_SetNbDataToProcess
                0x08007990       0x98 CMakeFiles/SubGHz_Phy_PingPong.dir/Drivers/STM32WLxx_HAL_Driver/Src/stm32wlxx_hal_uart_ex.c.obj
 .text.SystemInit
                0x08007a28        0xc CMakeFiles/SubGHz_Phy_PingPong.dir/Core/Src/system_stm32wlxx.c.obj
                0x08007a28                SystemInit
 .text.LL_GPIO_SetOutputPin
                0x08007a34       0x1a CMakeFiles/SubGHz_Phy_PingPong.dir/Middlewares/Third_Party/SubGHz_Phy/stm32_radio_driver/radio.c.obj
 .text.LL_GPIO_ResetOutputPin
                0x08007a4e       0x1a CMakeFiles/SubGHz_Phy_PingPong.dir/Middlewares/Third_Party/SubGHz_Phy/stm32_radio_driver/radio.c.obj
 .text.RadioInit
                0x08007a68       0xb8 CMakeFiles/SubGHz_Phy_PingPong.dir/Middlewares/Third_Party/SubGHz_Phy/stm32_radio_driver/radio.c.obj
 .text.RadioGetStatus
                0x08007b20       0x2e CMakeFiles/SubGHz_Phy_PingPong.dir/Middlewares/Third_Party/SubGHz_Phy/stm32_radio_driver/radio.c.obj
 *fill*         0x08007b4e        0x2 
 .text.RadioSetModem
                0x08007b50       0xb8 CMakeFiles/SubGHz_Phy_PingPong.dir/Middlewares/Third_Party/SubGHz_Phy/stm32_radio_driver/radio.c.obj
 .text.RadioSetChannel
                0x08007c08       0x16 CMakeFiles/SubGHz_Phy_PingPong.dir/Middlewares/Third_Party/SubGHz_Phy/stm32_radio_driver/radio.c.obj
 .text.RadioIsChannelFree
                0x08007c1e       0xb4 CMakeFiles/SubGHz_Phy_PingPong.dir/Middlewares/Third_Party/SubGHz_Phy/stm32_radio_driver/radio.c.obj
 .text.RadioRandom
                0x08007cd2       0x26 CMakeFiles/SubGHz_Phy_PingPong.dir/Middlewares/Third_Party/SubGHz_Phy/stm32_radio_driver/radio.c.obj
 .text.RadioSetRxConfig
                0x08007cf8      0x418 CMakeFiles/SubGHz_Phy_PingPong.dir/Middlewares/Third_Party/SubGHz_Phy/stm32_radio_driver/radio.c.obj
 .text.RadioSetTxConfig
                0x08008110      0x224 CMakeFiles/SubGHz_Phy_PingPong.dir/Middlewares/Third_Party/SubGHz_Phy/stm32_radio_driver/radio.c.obj
 .text.RadioCheckRfFrequency
                0x08008334       0x14 CMakeFiles/SubGHz_Phy_PingPong.dir/Middlewares/Third_Party/SubGHz_Phy/stm32_radio_driver/radio.c.obj
 .text.RadioGetLoRaBandwidthInHz
                0x08008348       0xac CMakeFiles/SubGHz_Phy_PingPong.dir/Middlewares/Third_Party/SubGHz_Phy/stm32_radio_driver/radio.c.obj
 .text.RadioGetGfskTimeOnAirNumerator
                0x080083f4       0x54 CMakeFiles/SubGHz_Phy_PingPong.dir/Middlewares/Third_Party/SubGHz_Phy/stm32_radio_driver/radio.c.obj
 .text.RadioGetLoRaTimeOnAirNumerator
                0x08008448      0x102 CMakeFiles/SubGHz_Phy_PingPong.dir/Middlewares/Third_Party/SubGHz_Phy/stm32_radio_driver/radio.c.obj
 *fill*         0x0800854a        0x2 
 .text.RadioTimeOnAir
                0x0800854c       0xb0 CMakeFiles/SubGHz_Phy_PingPong.dir/Middlewares/Third_Party/SubGHz_Phy/stm32_radio_driver/radio.c.obj
 .text.RadioSend
                0x080085fc      0x20c CMakeFiles/SubGHz_Phy_PingPong.dir/Middlewares/Third_Party/SubGHz_Phy/stm32_radio_driver/radio.c.obj
 .text.RadioSleep
                0x08008808       0x26 CMakeFiles/SubGHz_Phy_PingPong.dir/Middlewares/Third_Party/SubGHz_Phy/stm32_radio_driver/radio.c.obj
 .text.RadioStandby
                0x0800882e        0xe CMakeFiles/SubGHz_Phy_PingPong.dir/Middlewares/Third_Party/SubGHz_Phy/stm32_radio_driver/radio.c.obj
 .text.RadioRx  0x0800883c       0x8c CMakeFiles/SubGHz_Phy_PingPong.dir/Middlewares/Third_Party/SubGHz_Phy/stm32_radio_driver/radio.c.obj
 .text.RadioRxBoosted
                0x080088c8       0x8c CMakeFiles/SubGHz_Phy_PingPong.dir/Middlewares/Third_Party/SubGHz_Phy/stm32_radio_driver/radio.c.obj
 .text.RadioSetRxDutyCycle
                0x08008954       0x48 CMakeFiles/SubGHz_Phy_PingPong.dir/Middlewares/Third_Party/SubGHz_Phy/stm32_radio_driver/radio.c.obj
 .text.RadioStartCad
                0x0800899c       0x30 CMakeFiles/SubGHz_Phy_PingPong.dir/Middlewares/Third_Party/SubGHz_Phy/stm32_radio_driver/radio.c.obj
 .text.RadioSetTxContinuousWave
                0x080089cc       0x64 CMakeFiles/SubGHz_Phy_PingPong.dir/Middlewares/Third_Party/SubGHz_Phy/stm32_radio_driver/radio.c.obj
 .text.RadioRssi
                0x08008a30       0x18 CMakeFiles/SubGHz_Phy_PingPong.dir/Middlewares/Third_Party/SubGHz_Phy/stm32_radio_driver/radio.c.obj
 .text.RadioWrite
                0x08008a48       0x24 CMakeFiles/SubGHz_Phy_PingPong.dir/Middlewares/Third_Party/SubGHz_Phy/stm32_radio_driver/radio.c.obj
 .text.RadioRead
                0x08008a6c       0x1c CMakeFiles/SubGHz_Phy_PingPong.dir/Middlewares/Third_Party/SubGHz_Phy/stm32_radio_driver/radio.c.obj
 .text.RadioWriteRegisters
                0x08008a88       0x26 CMakeFiles/SubGHz_Phy_PingPong.dir/Middlewares/Third_Party/SubGHz_Phy/stm32_radio_driver/radio.c.obj
 .text.RadioReadRegisters
                0x08008aae       0x26 CMakeFiles/SubGHz_Phy_PingPong.dir/Middlewares/Third_Party/SubGHz_Phy/stm32_radio_driver/radio.c.obj
 .text.RadioSetMaxPayloadLength
                0x08008ad4       0x5c CMakeFiles/SubGHz_Phy_PingPong.dir/Middlewares/Third_Party/SubGHz_Phy/stm32_radio_driver/radio.c.obj
 .text.RadioSetPublicNetwork
                0x08008b30       0x5c CMakeFiles/SubGHz_Phy_PingPong.dir/Middlewares/Third_Party/SubGHz_Phy/stm32_radio_driver/radio.c.obj
 .text.RadioGetWakeupTime
                0x08008b8c       0x10 CMakeFiles/SubGHz_Phy_PingPong.dir/Middlewares/Third_Party/SubGHz_Phy/stm32_radio_driver/radio.c.obj
 .text.RadioOnTxTimeoutIrq
                0x08008b9c       0x14 CMakeFiles/SubGHz_Phy_PingPong.dir/Middlewares/Third_Party/SubGHz_Phy/stm32_radio_driver/radio.c.obj
 .text.RadioOnRxTimeoutIrq
                0x08008bb0       0x14 CMakeFiles/SubGHz_Phy_PingPong.dir/Middlewares/Third_Party/SubGHz_Phy/stm32_radio_driver/radio.c.obj
 .text.RadioOnTxTimeoutProcess
                0x08008bc4       0x34 CMakeFiles/SubGHz_Phy_PingPong.dir/Middlewares/Third_Party/SubGHz_Phy/stm32_radio_driver/radio.c.obj
 .text.RadioOnRxTimeoutProcess
                0x08008bf8       0x34 CMakeFiles/SubGHz_Phy_PingPong.dir/Middlewares/Third_Party/SubGHz_Phy/stm32_radio_driver/radio.c.obj
 .text.RadioOnDioIrq
                0x08008c2c       0x24 CMakeFiles/SubGHz_Phy_PingPong.dir/Middlewares/Third_Party/SubGHz_Phy/stm32_radio_driver/radio.c.obj
 .text.RadioIrqProcess
                0x08008c50      0x478 CMakeFiles/SubGHz_Phy_PingPong.dir/Middlewares/Third_Party/SubGHz_Phy/stm32_radio_driver/radio.c.obj
 .text.RadioTxPrbs
                0x080090c8       0x38 CMakeFiles/SubGHz_Phy_PingPong.dir/Middlewares/Third_Party/SubGHz_Phy/stm32_radio_driver/radio.c.obj
 .text.RadioTxCw
                0x08009100       0x38 CMakeFiles/SubGHz_Phy_PingPong.dir/Middlewares/Third_Party/SubGHz_Phy/stm32_radio_driver/radio.c.obj
 .text.payload_integration
                0x08009138      0x120 CMakeFiles/SubGHz_Phy_PingPong.dir/Middlewares/Third_Party/SubGHz_Phy/stm32_radio_driver/radio.c.obj
 .text.RadioSetRxGenericConfig
                0x08009258      0x388 CMakeFiles/SubGHz_Phy_PingPong.dir/Middlewares/Third_Party/SubGHz_Phy/stm32_radio_driver/radio.c.obj
 .text.RadioSetTxGenericConfig
                0x080095e0      0x46c CMakeFiles/SubGHz_Phy_PingPong.dir/Middlewares/Third_Party/SubGHz_Phy/stm32_radio_driver/radio.c.obj
 .text.RadioLrFhssSetCfg
                0x08009a4c       0x18 CMakeFiles/SubGHz_Phy_PingPong.dir/Middlewares/Third_Party/SubGHz_Phy/stm32_radio_driver/radio.c.obj
 .text.RadioLrFhssGetTimeOnAirInMs
                0x08009a64       0x16 CMakeFiles/SubGHz_Phy_PingPong.dir/Middlewares/Third_Party/SubGHz_Phy/stm32_radio_driver/radio.c.obj
 .text.RFW_TransmitLongPacket
                0x08009a7a       0x24 CMakeFiles/SubGHz_Phy_PingPong.dir/Middlewares/Third_Party/SubGHz_Phy/stm32_radio_driver/radio_fw.c.obj
                0x08009a7a                RFW_TransmitLongPacket
 .text.RFW_ReceiveLongPacket
                0x08009a9e       0x24 CMakeFiles/SubGHz_Phy_PingPong.dir/Middlewares/Third_Party/SubGHz_Phy/stm32_radio_driver/radio_fw.c.obj
                0x08009a9e                RFW_ReceiveLongPacket
 .text.RFW_Init
                0x08009ac2       0x1a CMakeFiles/SubGHz_Phy_PingPong.dir/Middlewares/Third_Party/SubGHz_Phy/stm32_radio_driver/radio_fw.c.obj
                0x08009ac2                RFW_Init
 .text.RFW_DeInit
                0x08009adc        0xc CMakeFiles/SubGHz_Phy_PingPong.dir/Middlewares/Third_Party/SubGHz_Phy/stm32_radio_driver/radio_fw.c.obj
                0x08009adc                RFW_DeInit
 .text.RFW_Is_Init
                0x08009ae8        0xe CMakeFiles/SubGHz_Phy_PingPong.dir/Middlewares/Third_Party/SubGHz_Phy/stm32_radio_driver/radio_fw.c.obj
                0x08009ae8                RFW_Is_Init
 .text.RFW_Is_LongPacketModeEnabled
                0x08009af6        0xe CMakeFiles/SubGHz_Phy_PingPong.dir/Middlewares/Third_Party/SubGHz_Phy/stm32_radio_driver/radio_fw.c.obj
                0x08009af6                RFW_Is_LongPacketModeEnabled
 .text.RFW_SetAntSwitch
                0x08009b04       0x14 CMakeFiles/SubGHz_Phy_PingPong.dir/Middlewares/Third_Party/SubGHz_Phy/stm32_radio_driver/radio_fw.c.obj
                0x08009b04                RFW_SetAntSwitch
 .text.RFW_TransmitInit
                0x08009b18       0x20 CMakeFiles/SubGHz_Phy_PingPong.dir/Middlewares/Third_Party/SubGHz_Phy/stm32_radio_driver/radio_fw.c.obj
                0x08009b18                RFW_TransmitInit
 .text.RFW_ReceiveInit
                0x08009b38       0x10 CMakeFiles/SubGHz_Phy_PingPong.dir/Middlewares/Third_Party/SubGHz_Phy/stm32_radio_driver/radio_fw.c.obj
                0x08009b38                RFW_ReceiveInit
 .text.RFW_DeInit_TxLongPacket
                0x08009b48        0xc CMakeFiles/SubGHz_Phy_PingPong.dir/Middlewares/Third_Party/SubGHz_Phy/stm32_radio_driver/radio_fw.c.obj
                0x08009b48                RFW_DeInit_TxLongPacket
 .text.RFW_ReceivePayload
                0x08009b54        0xc CMakeFiles/SubGHz_Phy_PingPong.dir/Middlewares/Third_Party/SubGHz_Phy/stm32_radio_driver/radio_fw.c.obj
                0x08009b54                RFW_ReceivePayload
 .text.RFW_SetRadioModem
                0x08009b60       0x14 CMakeFiles/SubGHz_Phy_PingPong.dir/Middlewares/Third_Party/SubGHz_Phy/stm32_radio_driver/radio_fw.c.obj
                0x08009b60                RFW_SetRadioModem
 .text.SUBGRF_Init
                0x08009b74       0x90 CMakeFiles/SubGHz_Phy_PingPong.dir/Middlewares/Third_Party/SubGHz_Phy/stm32_radio_driver/radio_driver.c.obj
                0x08009b74                SUBGRF_Init
 .text.SUBGRF_GetOperatingMode
                0x08009c04       0x14 CMakeFiles/SubGHz_Phy_PingPong.dir/Middlewares/Third_Party/SubGHz_Phy/stm32_radio_driver/radio_driver.c.obj
                0x08009c04                SUBGRF_GetOperatingMode
 .text.SUBGRF_SetPayload
                0x08009c18       0x20 CMakeFiles/SubGHz_Phy_PingPong.dir/Middlewares/Third_Party/SubGHz_Phy/stm32_radio_driver/radio_driver.c.obj
                0x08009c18                SUBGRF_SetPayload
 .text.SUBGRF_GetPayload
                0x08009c38       0x44 CMakeFiles/SubGHz_Phy_PingPong.dir/Middlewares/Third_Party/SubGHz_Phy/stm32_radio_driver/radio_driver.c.obj
                0x08009c38                SUBGRF_GetPayload
 .text.SUBGRF_SendPayload
                0x08009c7c       0x26 CMakeFiles/SubGHz_Phy_PingPong.dir/Middlewares/Third_Party/SubGHz_Phy/stm32_radio_driver/radio_driver.c.obj
                0x08009c7c                SUBGRF_SendPayload
 .text.SUBGRF_SetSyncWord
                0x08009ca2       0x1e CMakeFiles/SubGHz_Phy_PingPong.dir/Middlewares/Third_Party/SubGHz_Phy/stm32_radio_driver/radio_driver.c.obj
                0x08009ca2                SUBGRF_SetSyncWord
 .text.SUBGRF_SetCrcSeed
                0x08009cc0       0x40 CMakeFiles/SubGHz_Phy_PingPong.dir/Middlewares/Third_Party/SubGHz_Phy/stm32_radio_driver/radio_driver.c.obj
                0x08009cc0                SUBGRF_SetCrcSeed
 .text.SUBGRF_SetCrcPolynomial
                0x08009d00       0x40 CMakeFiles/SubGHz_Phy_PingPong.dir/Middlewares/Third_Party/SubGHz_Phy/stm32_radio_driver/radio_driver.c.obj
                0x08009d00                SUBGRF_SetCrcPolynomial
 .text.SUBGRF_SetWhiteningSeed
                0x08009d40       0x66 CMakeFiles/SubGHz_Phy_PingPong.dir/Middlewares/Third_Party/SubGHz_Phy/stm32_radio_driver/radio_driver.c.obj
                0x08009d40                SUBGRF_SetWhiteningSeed
 .text.SUBGRF_GetRandom
                0x08009da6       0x8c CMakeFiles/SubGHz_Phy_PingPong.dir/Middlewares/Third_Party/SubGHz_Phy/stm32_radio_driver/radio_driver.c.obj
                0x08009da6                SUBGRF_GetRandom
 *fill*         0x08009e32        0x2 
 .text.SUBGRF_SetSleep
                0x08009e34       0x64 CMakeFiles/SubGHz_Phy_PingPong.dir/Middlewares/Third_Party/SubGHz_Phy/stm32_radio_driver/radio_driver.c.obj
                0x08009e34                SUBGRF_SetSleep
 .text.SUBGRF_SetStandby
                0x08009e98       0x38 CMakeFiles/SubGHz_Phy_PingPong.dir/Middlewares/Third_Party/SubGHz_Phy/stm32_radio_driver/radio_driver.c.obj
                0x08009e98                SUBGRF_SetStandby
 .text.SUBGRF_SetTx
                0x08009ed0       0x40 CMakeFiles/SubGHz_Phy_PingPong.dir/Middlewares/Third_Party/SubGHz_Phy/stm32_radio_driver/radio_driver.c.obj
                0x08009ed0                SUBGRF_SetTx
 .text.SUBGRF_SetRx
                0x08009f10       0x40 CMakeFiles/SubGHz_Phy_PingPong.dir/Middlewares/Third_Party/SubGHz_Phy/stm32_radio_driver/radio_driver.c.obj
                0x08009f10                SUBGRF_SetRx
 .text.SUBGRF_SetRxBoosted
                0x08009f50       0x48 CMakeFiles/SubGHz_Phy_PingPong.dir/Middlewares/Third_Party/SubGHz_Phy/stm32_radio_driver/radio_driver.c.obj
                0x08009f50                SUBGRF_SetRxBoosted
 .text.SUBGRF_SetRxDutyCycle
                0x08009f98       0x58 CMakeFiles/SubGHz_Phy_PingPong.dir/Middlewares/Third_Party/SubGHz_Phy/stm32_radio_driver/radio_driver.c.obj
                0x08009f98                SUBGRF_SetRxDutyCycle
 .text.SUBGRF_SetCad
                0x08009ff0       0x1c CMakeFiles/SubGHz_Phy_PingPong.dir/Middlewares/Third_Party/SubGHz_Phy/stm32_radio_driver/radio_driver.c.obj
                0x08009ff0                SUBGRF_SetCad
 .text.SUBGRF_SetTxContinuousWave
                0x0800a00c       0x12 CMakeFiles/SubGHz_Phy_PingPong.dir/Middlewares/Third_Party/SubGHz_Phy/stm32_radio_driver/radio_driver.c.obj
                0x0800a00c                SUBGRF_SetTxContinuousWave
 .text.SUBGRF_SetTxInfinitePreamble
                0x0800a01e       0x12 CMakeFiles/SubGHz_Phy_PingPong.dir/Middlewares/Third_Party/SubGHz_Phy/stm32_radio_driver/radio_driver.c.obj
                0x0800a01e                SUBGRF_SetTxInfinitePreamble
 .text.SUBGRF_SetStopRxTimerOnPreambleDetect
                0x0800a030       0x1e CMakeFiles/SubGHz_Phy_PingPong.dir/Middlewares/Third_Party/SubGHz_Phy/stm32_radio_driver/radio_driver.c.obj
                0x0800a030                SUBGRF_SetStopRxTimerOnPreambleDetect
 .text.SUBGRF_SetLoRaSymbNumTimeout
                0x0800a04e       0x5e CMakeFiles/SubGHz_Phy_PingPong.dir/Middlewares/Third_Party/SubGHz_Phy/stm32_radio_driver/radio_driver.c.obj
                0x0800a04e                SUBGRF_SetLoRaSymbNumTimeout
 .text.SUBGRF_SetRegulatorMode
                0x0800a0ac       0x2e CMakeFiles/SubGHz_Phy_PingPong.dir/Middlewares/Third_Party/SubGHz_Phy/stm32_radio_driver/radio_driver.c.obj
                0x0800a0ac                SUBGRF_SetRegulatorMode
 .text.SUBGRF_Calibrate
                0x0800a0da       0x8c CMakeFiles/SubGHz_Phy_PingPong.dir/Middlewares/Third_Party/SubGHz_Phy/stm32_radio_driver/radio_driver.c.obj
                0x0800a0da                SUBGRF_Calibrate
 *fill*         0x0800a166        0x2 
 .text.SUBGRF_CalibrateImage
                0x0800a168       0x94 CMakeFiles/SubGHz_Phy_PingPong.dir/Middlewares/Third_Party/SubGHz_Phy/stm32_radio_driver/radio_driver.c.obj
                0x0800a168                SUBGRF_CalibrateImage
 .text.SUBGRF_SetPaConfig
                0x0800a1fc       0x44 CMakeFiles/SubGHz_Phy_PingPong.dir/Middlewares/Third_Party/SubGHz_Phy/stm32_radio_driver/radio_driver.c.obj
                0x0800a1fc                SUBGRF_SetPaConfig
 .text.SUBGRF_SetDioIrqParams
                0x0800a240       0x74 CMakeFiles/SubGHz_Phy_PingPong.dir/Middlewares/Third_Party/SubGHz_Phy/stm32_radio_driver/radio_driver.c.obj
                0x0800a240                SUBGRF_SetDioIrqParams
 .text.SUBGRF_SetTcxoMode
                0x0800a2b4       0x42 CMakeFiles/SubGHz_Phy_PingPong.dir/Middlewares/Third_Party/SubGHz_Phy/stm32_radio_driver/radio_driver.c.obj
                0x0800a2b4                SUBGRF_SetTcxoMode
 *fill*         0x0800a2f6        0x2 
 .text.SUBGRF_SetRfFrequency
                0x0800a2f8       0x8c CMakeFiles/SubGHz_Phy_PingPong.dir/Middlewares/Third_Party/SubGHz_Phy/stm32_radio_driver/radio_driver.c.obj
                0x0800a2f8                SUBGRF_SetRfFrequency
 .text.SUBGRF_SetPacketType
                0x0800a384       0x38 CMakeFiles/SubGHz_Phy_PingPong.dir/Middlewares/Third_Party/SubGHz_Phy/stm32_radio_driver/radio_driver.c.obj
                0x0800a384                SUBGRF_SetPacketType
 .text.SUBGRF_GetPacketType
                0x0800a3bc       0x14 CMakeFiles/SubGHz_Phy_PingPong.dir/Middlewares/Third_Party/SubGHz_Phy/stm32_radio_driver/radio_driver.c.obj
                0x0800a3bc                SUBGRF_GetPacketType
 .text.SUBGRF_SetTxParams
                0x0800a3d0      0x19a CMakeFiles/SubGHz_Phy_PingPong.dir/Middlewares/Third_Party/SubGHz_Phy/stm32_radio_driver/radio_driver.c.obj
                0x0800a3d0                SUBGRF_SetTxParams
 *fill*         0x0800a56a        0x2 
 .text.SUBGRF_SetModulationParams
                0x0800a56c      0x1a4 CMakeFiles/SubGHz_Phy_PingPong.dir/Middlewares/Third_Party/SubGHz_Phy/stm32_radio_driver/radio_driver.c.obj
                0x0800a56c                SUBGRF_SetModulationParams
 .text.SUBGRF_SetPacketParams
                0x0800a710      0x13c CMakeFiles/SubGHz_Phy_PingPong.dir/Middlewares/Third_Party/SubGHz_Phy/stm32_radio_driver/radio_driver.c.obj
                0x0800a710                SUBGRF_SetPacketParams
 .text.SUBGRF_SetBufferBaseAddress
                0x0800a84c       0x2e CMakeFiles/SubGHz_Phy_PingPong.dir/Middlewares/Third_Party/SubGHz_Phy/stm32_radio_driver/radio_driver.c.obj
                0x0800a84c                SUBGRF_SetBufferBaseAddress
 .text.SUBGRF_GetRssiInst
                0x0800a87a       0x2a CMakeFiles/SubGHz_Phy_PingPong.dir/Middlewares/Third_Party/SubGHz_Phy/stm32_radio_driver/radio_driver.c.obj
                0x0800a87a                SUBGRF_GetRssiInst
 .text.SUBGRF_GetRxBufferStatus
                0x0800a8a4       0x58 CMakeFiles/SubGHz_Phy_PingPong.dir/Middlewares/Third_Party/SubGHz_Phy/stm32_radio_driver/radio_driver.c.obj
                0x0800a8a4                SUBGRF_GetRxBufferStatus
 .text.SUBGRF_GetPacketStatus
                0x0800a8fc       0xa4 CMakeFiles/SubGHz_Phy_PingPong.dir/Middlewares/Third_Party/SubGHz_Phy/stm32_radio_driver/radio_driver.c.obj
                0x0800a8fc                SUBGRF_GetPacketStatus
 .text.SUBGRF_WriteRegister
                0x0800a9a0       0x28 CMakeFiles/SubGHz_Phy_PingPong.dir/Middlewares/Third_Party/SubGHz_Phy/stm32_radio_driver/radio_driver.c.obj
                0x0800a9a0                SUBGRF_WriteRegister
 .text.SUBGRF_ReadRegister
                0x0800a9c8       0x28 CMakeFiles/SubGHz_Phy_PingPong.dir/Middlewares/Third_Party/SubGHz_Phy/stm32_radio_driver/radio_driver.c.obj
                0x0800a9c8                SUBGRF_ReadRegister
 .text.SUBGRF_WriteRegisters
                0x0800a9f0       0x44 CMakeFiles/SubGHz_Phy_PingPong.dir/Middlewares/Third_Party/SubGHz_Phy/stm32_radio_driver/radio_driver.c.obj
                0x0800a9f0                SUBGRF_WriteRegisters
 .text.SUBGRF_ReadRegisters
                0x0800aa34       0x44 CMakeFiles/SubGHz_Phy_PingPong.dir/Middlewares/Third_Party/SubGHz_Phy/stm32_radio_driver/radio_driver.c.obj
                0x0800aa34                SUBGRF_ReadRegisters
 .text.SUBGRF_WriteBuffer
                0x0800aa78       0x44 CMakeFiles/SubGHz_Phy_PingPong.dir/Middlewares/Third_Party/SubGHz_Phy/stm32_radio_driver/radio_driver.c.obj
                0x0800aa78                SUBGRF_WriteBuffer
 .text.SUBGRF_ReadBuffer
                0x0800aabc       0x44 CMakeFiles/SubGHz_Phy_PingPong.dir/Middlewares/Third_Party/SubGHz_Phy/stm32_radio_driver/radio_driver.c.obj
                0x0800aabc                SUBGRF_ReadBuffer
 .text.SUBGRF_WriteCommand
                0x0800ab00       0x44 CMakeFiles/SubGHz_Phy_PingPong.dir/Middlewares/Third_Party/SubGHz_Phy/stm32_radio_driver/radio_driver.c.obj
                0x0800ab00                SUBGRF_WriteCommand
 .text.SUBGRF_ReadCommand
                0x0800ab44       0x44 CMakeFiles/SubGHz_Phy_PingPong.dir/Middlewares/Third_Party/SubGHz_Phy/stm32_radio_driver/radio_driver.c.obj
                0x0800ab44                SUBGRF_ReadCommand
 .text.SUBGRF_SetSwitch
                0x0800ab88       0x50 CMakeFiles/SubGHz_Phy_PingPong.dir/Middlewares/Third_Party/SubGHz_Phy/stm32_radio_driver/radio_driver.c.obj
                0x0800ab88                SUBGRF_SetSwitch
 .text.SUBGRF_SetRfTxPower
                0x0800abd8       0x68 CMakeFiles/SubGHz_Phy_PingPong.dir/Middlewares/Third_Party/SubGHz_Phy/stm32_radio_driver/radio_driver.c.obj
                0x0800abd8                SUBGRF_SetRfTxPower
 .text.SUBGRF_GetRadioWakeUpTime
                0x0800ac40        0xe CMakeFiles/SubGHz_Phy_PingPong.dir/Middlewares/Third_Party/SubGHz_Phy/stm32_radio_driver/radio_driver.c.obj
                0x0800ac40                SUBGRF_GetRadioWakeUpTime
 *fill*         0x0800ac4e        0x2 
 .text.HAL_SUBGHZ_TxCpltCallback
                0x0800ac50       0x1c CMakeFiles/SubGHz_Phy_PingPong.dir/Middlewares/Third_Party/SubGHz_Phy/stm32_radio_driver/radio_driver.c.obj
                0x0800ac50                HAL_SUBGHZ_TxCpltCallback
 .text.HAL_SUBGHZ_RxCpltCallback
                0x0800ac6c       0x1c CMakeFiles/SubGHz_Phy_PingPong.dir/Middlewares/Third_Party/SubGHz_Phy/stm32_radio_driver/radio_driver.c.obj
                0x0800ac6c                HAL_SUBGHZ_RxCpltCallback
 .text.HAL_SUBGHZ_CRCErrorCallback
                0x0800ac88       0x1c CMakeFiles/SubGHz_Phy_PingPong.dir/Middlewares/Third_Party/SubGHz_Phy/stm32_radio_driver/radio_driver.c.obj
                0x0800ac88                HAL_SUBGHZ_CRCErrorCallback
 .text.HAL_SUBGHZ_CADStatusCallback
                0x0800aca4       0x3c CMakeFiles/SubGHz_Phy_PingPong.dir/Middlewares/Third_Party/SubGHz_Phy/stm32_radio_driver/radio_driver.c.obj
                0x0800aca4                HAL_SUBGHZ_CADStatusCallback
 .text.HAL_SUBGHZ_RxTxTimeoutCallback
                0x0800ace0       0x20 CMakeFiles/SubGHz_Phy_PingPong.dir/Middlewares/Third_Party/SubGHz_Phy/stm32_radio_driver/radio_driver.c.obj
                0x0800ace0                HAL_SUBGHZ_RxTxTimeoutCallback
 .text.HAL_SUBGHZ_HeaderErrorCallback
                0x0800ad00       0x1c CMakeFiles/SubGHz_Phy_PingPong.dir/Middlewares/Third_Party/SubGHz_Phy/stm32_radio_driver/radio_driver.c.obj
                0x0800ad00                HAL_SUBGHZ_HeaderErrorCallback
 .text.HAL_SUBGHZ_PreambleDetectedCallback
                0x0800ad1c       0x1c CMakeFiles/SubGHz_Phy_PingPong.dir/Middlewares/Third_Party/SubGHz_Phy/stm32_radio_driver/radio_driver.c.obj
                0x0800ad1c                HAL_SUBGHZ_PreambleDetectedCallback
 .text.HAL_SUBGHZ_SyncWordValidCallback
                0x0800ad38       0x1c CMakeFiles/SubGHz_Phy_PingPong.dir/Middlewares/Third_Party/SubGHz_Phy/stm32_radio_driver/radio_driver.c.obj
                0x0800ad38                HAL_SUBGHZ_SyncWordValidCallback
 .text.HAL_SUBGHZ_HeaderValidCallback
                0x0800ad54       0x1c CMakeFiles/SubGHz_Phy_PingPong.dir/Middlewares/Third_Party/SubGHz_Phy/stm32_radio_driver/radio_driver.c.obj
                0x0800ad54                HAL_SUBGHZ_HeaderValidCallback
 .text.HAL_SUBGHZ_LrFhssHopCallback
                0x0800ad70       0x20 CMakeFiles/SubGHz_Phy_PingPong.dir/Middlewares/Third_Party/SubGHz_Phy/stm32_radio_driver/radio_driver.c.obj
                0x0800ad70                HAL_SUBGHZ_LrFhssHopCallback
 .text.Radio_SMPS_Set
                0x0800ad90       0x42 CMakeFiles/SubGHz_Phy_PingPong.dir/Middlewares/Third_Party/SubGHz_Phy/stm32_radio_driver/radio_driver.c.obj
 *fill*         0x0800add2        0x2 
 .text.SUBGRF_GetFskBandwidthRegValue
                0x0800add4       0x50 CMakeFiles/SubGHz_Phy_PingPong.dir/Middlewares/Third_Party/SubGHz_Phy/stm32_radio_driver/radio_driver.c.obj
                0x0800add4                SUBGRF_GetFskBandwidthRegValue
 .text.SUBGRF_GetCFO
                0x0800ae24       0xe8 CMakeFiles/SubGHz_Phy_PingPong.dir/Middlewares/Third_Party/SubGHz_Phy/stm32_radio_driver/radio_driver.c.obj
                0x0800ae24                SUBGRF_GetCFO
 .text.UTIL_ADV_TRACE_Init
                0x0800af0c       0x38 CMakeFiles/SubGHz_Phy_PingPong.dir/Utilities/trace/adv_trace/stm32_adv_trace.c.obj
                0x0800af0c                UTIL_ADV_TRACE_Init
 .text.UTIL_ADV_TRACE_COND_FSend
                0x0800af44      0x100 CMakeFiles/SubGHz_Phy_PingPong.dir/Utilities/trace/adv_trace/stm32_adv_trace.c.obj
                0x0800af44                UTIL_ADV_TRACE_COND_FSend
 .text.UTIL_ADV_TRACE_RegisterTimeStampFunction
                0x0800b044       0x1c CMakeFiles/SubGHz_Phy_PingPong.dir/Utilities/trace/adv_trace/stm32_adv_trace.c.obj
                0x0800b044                UTIL_ADV_TRACE_RegisterTimeStampFunction
 .text.UTIL_ADV_TRACE_SetVerboseLevel
                0x0800b060       0x20 CMakeFiles/SubGHz_Phy_PingPong.dir/Utilities/trace/adv_trace/stm32_adv_trace.c.obj
                0x0800b060                UTIL_ADV_TRACE_SetVerboseLevel
 .text.TRACE_Send
                0x0800b080      0x108 CMakeFiles/SubGHz_Phy_PingPong.dir/Utilities/trace/adv_trace/stm32_adv_trace.c.obj
 .text.TRACE_TxCpltCallback
                0x0800b188      0x118 CMakeFiles/SubGHz_Phy_PingPong.dir/Utilities/trace/adv_trace/stm32_adv_trace.c.obj
 .text.TRACE_AllocateBufer
                0x0800b2a0       0xfc CMakeFiles/SubGHz_Phy_PingPong.dir/Utilities/trace/adv_trace/stm32_adv_trace.c.obj
 .text.TRACE_Lock
                0x0800b39c       0x3c CMakeFiles/SubGHz_Phy_PingPong.dir/Utilities/trace/adv_trace/stm32_adv_trace.c.obj
 .text.TRACE_UnLock
                0x0800b3d8       0x3c CMakeFiles/SubGHz_Phy_PingPong.dir/Utilities/trace/adv_trace/stm32_adv_trace.c.obj
 .text.TRACE_IsLocked
                0x0800b414       0x20 CMakeFiles/SubGHz_Phy_PingPong.dir/Utilities/trace/adv_trace/stm32_adv_trace.c.obj
 .text.UTIL_MEM_cpy_8
                0x0800b434       0x3e CMakeFiles/SubGHz_Phy_PingPong.dir/Utilities/misc/stm32_mem.c.obj
                0x0800b434                UTIL_MEM_cpy_8
 .text.UTIL_MEM_set_8
                0x0800b472       0x36 CMakeFiles/SubGHz_Phy_PingPong.dir/Utilities/misc/stm32_mem.c.obj
                0x0800b472                UTIL_MEM_set_8
 .text.SysTimeAdd
                0x0800b4a8       0x72 CMakeFiles/SubGHz_Phy_PingPong.dir/Utilities/misc/stm32_systime.c.obj
                0x0800b4a8                SysTimeAdd
 *fill*         0x0800b51a        0x2 
 .text.SysTimeGet
                0x0800b51c       0x70 CMakeFiles/SubGHz_Phy_PingPong.dir/Utilities/misc/stm32_systime.c.obj
                0x0800b51c                SysTimeGet
 .text.ee_skip_atoi
                0x0800b58c       0x4c CMakeFiles/SubGHz_Phy_PingPong.dir/Utilities/misc/stm32_tiny_vsnprintf.c.obj
 .text.ee_number
                0x0800b5d8      0x1dc CMakeFiles/SubGHz_Phy_PingPong.dir/Utilities/misc/stm32_tiny_vsnprintf.c.obj
 .text.tiny_vsnprintf_like
                0x0800b7b4      0x2a4 CMakeFiles/SubGHz_Phy_PingPong.dir/Utilities/misc/stm32_tiny_vsnprintf.c.obj
                0x0800b7b4                tiny_vsnprintf_like
 .text.UTIL_SEQ_Run
                0x0800ba58      0x1f8 CMakeFiles/SubGHz_Phy_PingPong.dir/Utilities/sequencer/stm32_seq.c.obj
                0x0800ba58                UTIL_SEQ_Run
 .text.UTIL_SEQ_RegTask
                0x0800bc50       0x44 CMakeFiles/SubGHz_Phy_PingPong.dir/Utilities/sequencer/stm32_seq.c.obj
                0x0800bc50                UTIL_SEQ_RegTask
 .text.UTIL_SEQ_SetTask
                0x0800bc94       0x58 CMakeFiles/SubGHz_Phy_PingPong.dir/Utilities/sequencer/stm32_seq.c.obj
                0x0800bc94                UTIL_SEQ_SetTask
 .text.UTIL_SEQ_PreIdle
                0x0800bcec        0xc CMakeFiles/SubGHz_Phy_PingPong.dir/Utilities/sequencer/stm32_seq.c.obj
                0x0800bcec                UTIL_SEQ_PreIdle
 .text.UTIL_SEQ_PostIdle
                0x0800bcf8        0xc CMakeFiles/SubGHz_Phy_PingPong.dir/Utilities/sequencer/stm32_seq.c.obj
                0x0800bcf8                UTIL_SEQ_PostIdle
 .text.SEQ_BitPosition
                0x0800bd04       0x70 CMakeFiles/SubGHz_Phy_PingPong.dir/Utilities/sequencer/stm32_seq.c.obj
                0x0800bd04                SEQ_BitPosition
 .text.UTIL_TIMER_Init
                0x0800bd74       0x20 CMakeFiles/SubGHz_Phy_PingPong.dir/Utilities/timer/stm32_timer.c.obj
                0x0800bd74                UTIL_TIMER_Init
 .text.UTIL_TIMER_Create
                0x0800bd94       0x6c CMakeFiles/SubGHz_Phy_PingPong.dir/Utilities/timer/stm32_timer.c.obj
                0x0800bd94                UTIL_TIMER_Create
 .text.UTIL_TIMER_Start
                0x0800be00       0xdc CMakeFiles/SubGHz_Phy_PingPong.dir/Utilities/timer/stm32_timer.c.obj
                0x0800be00                UTIL_TIMER_Start
 .text.UTIL_TIMER_Stop
                0x0800bedc       0xe0 CMakeFiles/SubGHz_Phy_PingPong.dir/Utilities/timer/stm32_timer.c.obj
                0x0800bedc                UTIL_TIMER_Stop
 .text.UTIL_TIMER_SetPeriod
                0x0800bfbc       0x54 CMakeFiles/SubGHz_Phy_PingPong.dir/Utilities/timer/stm32_timer.c.obj
                0x0800bfbc                UTIL_TIMER_SetPeriod
 .text.UTIL_TIMER_IRQ_Handler
                0x0800c010      0x100 CMakeFiles/SubGHz_Phy_PingPong.dir/Utilities/timer/stm32_timer.c.obj
                0x0800c010                UTIL_TIMER_IRQ_Handler
 .text.UTIL_TIMER_GetCurrentTime
                0x0800c110       0x24 CMakeFiles/SubGHz_Phy_PingPong.dir/Utilities/timer/stm32_timer.c.obj
                0x0800c110                UTIL_TIMER_GetCurrentTime
 .text.UTIL_TIMER_GetElapsedTime
                0x0800c134       0x38 CMakeFiles/SubGHz_Phy_PingPong.dir/Utilities/timer/stm32_timer.c.obj
                0x0800c134                UTIL_TIMER_GetElapsedTime
 .text.TimerExists
                0x0800c16c       0x38 CMakeFiles/SubGHz_Phy_PingPong.dir/Utilities/timer/stm32_timer.c.obj
                0x0800c16c                TimerExists
 .text.TimerSetTimeout
                0x0800c1a4       0x54 CMakeFiles/SubGHz_Phy_PingPong.dir/Utilities/timer/stm32_timer.c.obj
                0x0800c1a4                TimerSetTimeout
 .text.TimerInsertTimer
                0x0800c1f8       0x60 CMakeFiles/SubGHz_Phy_PingPong.dir/Utilities/timer/stm32_timer.c.obj
                0x0800c1f8                TimerInsertTimer
 .text.TimerInsertNewHeadTimer
                0x0800c258       0x3c CMakeFiles/SubGHz_Phy_PingPong.dir/Utilities/timer/stm32_timer.c.obj
                0x0800c258                TimerInsertNewHeadTimer
 .text.UTIL_LPM_Init
                0x0800c294       0x20 CMakeFiles/SubGHz_Phy_PingPong.dir/Utilities/lpm/tiny_lpm/stm32_lpm.c.obj
                0x0800c294                UTIL_LPM_Init
 .text.UTIL_LPM_SetStopMode
                0x0800c2b4       0x60 CMakeFiles/SubGHz_Phy_PingPong.dir/Utilities/lpm/tiny_lpm/stm32_lpm.c.obj
                0x0800c2b4                UTIL_LPM_SetStopMode
 .text.UTIL_LPM_SetOffMode
                0x0800c314       0x60 CMakeFiles/SubGHz_Phy_PingPong.dir/Utilities/lpm/tiny_lpm/stm32_lpm.c.obj
                0x0800c314                UTIL_LPM_SetOffMode
 .text.UTIL_LPM_EnterLowPower
                0x0800c374       0x6c CMakeFiles/SubGHz_Phy_PingPong.dir/Utilities/lpm/tiny_lpm/stm32_lpm.c.obj
                0x0800c374                UTIL_LPM_EnterLowPower
 .text.Reset_Handler
                0x0800c3e0       0x50 CMakeFiles/SubGHz_Phy_PingPong.dir/startup_stm32wl55xx_cm4.s.obj
                0x0800c3e0                Reset_Handler
 .text.Default_Handler
                0x0800c430        0x2 CMakeFiles/SubGHz_Phy_PingPong.dir/startup_stm32wl55xx_cm4.s.obj
                0x0800c430                DMA2_Channel3_IRQHandler
                0x0800c430                TIM1_CC_IRQHandler
                0x0800c430                EXTI3_IRQHandler
                0x0800c430                LPTIM2_IRQHandler
                0x0800c430                I2C3_ER_IRQHandler
                0x0800c430                LPTIM3_IRQHandler
                0x0800c430                EXTI0_IRQHandler